###############################################################################
#
# IAR ELF Linker V9.10.1.308/W64 for ARM                  02/Dec/2025  01:11:58
# Copyright 2007-2021 IAR Systems AB.
#
#    Output file  =
#        D:\Projects\University\Fall 25\Keysystem\HMI_ECU\Debug\Exe\HMI_ECU.out
#    Map file     =
#        D:\Projects\University\Fall
#        25\Keysystem\HMI_ECU\Debug\List\HMI_ECU.map
#    Command line =
#        -f "D:\Projects\University\Fall
#        25\Keysystem\HMI_ECU\Debug\Exe\HMI_ECU.out.rsp"
#        ("D:\Projects\University\Fall
#        25\Keysystem\HMI_ECU\Debug\Obj\MCAL\GPIO.o"
#        "D:\Projects\University\Fall
#        25\Keysystem\HMI_ECU\Debug\Obj\MCAL\I2C.o"
#        "D:\Projects\University\Fall 25\Keysystem\HMI_ECU\Debug\Obj\HAL\LCD.o"
#        "D:\Projects\University\Fall
#        25\Keysystem\HMI_ECU\Debug\Obj\APP\main.o"
#        "D:\Projects\University\Fall
#        25\Keysystem\HMI_ECU\Debug\Obj\MCAL\SysTick.o" --no_out_extension -o
#        "D:\Projects\University\Fall
#        25\Keysystem\HMI_ECU\Debug\Exe\HMI_ECU.out" --map
#        "D:\Projects\University\Fall
#        25\Keysystem\HMI_ECU\Debug\List\HMI_ECU.map" --config
#        D:\EWARM\arm\config\linker\TexasInstruments\TM4C123GE6.icf
#        --semihosting --entry __iar_program_start --vfe --text_out locale)
#
###############################################################################

*******************************************************************************
*** RUNTIME MODEL ATTRIBUTES
***

CppFlavor       = *
__SystemLibrary = DLib
__dlib_version  = 6


*******************************************************************************
*** HEAP SELECTION
***

The basic heap was selected because no calls to memory allocation
functions were found in the application outside of system library
functions, and there are calls to deallocation functions in the
application.


*******************************************************************************
*** PLACEMENT SUMMARY
***

"A0":  place at address 0x0 { ro section .intvec };
"P1":  place in [from 0x0 to 0x1'ffff] { ro };
define block CSTACK with size = 4K, alignment = 8 { };
define block HEAP with size = 8K, alignment = 8 { };
"P2":  place in [from 0x2000'0000 to 0x2000'7fff] {
          rw, block CSTACK, block HEAP };

No sections matched the following patterns:

  rw  in "P2"


  Section   Kind         Address    Size  Object
  -------   ----         -------    ----  ------
"A0":                               0x40
  .intvec   ro code          0x0    0x40  vector_table_M.o [6]
                          - 0x40    0x40

"P1":                              0x2b4
  .text     ro code         0x40   0x138  LCD.o [2]
  .text     ro code        0x178    0xac  I2C.o [3]
  .text     ro code        0x224    0x2c  main.o [1]
  .text     ro code        0x250    0x22  fpinit_M.o [5]
  .text     ro code        0x272     0x2  vectortrap_M.o [6]
  .text     ro code        0x274    0x1e  cmain.o [6]
  .text     ro code        0x292     0x4  low_level_init.o [4]
  .text     ro code        0x296     0x4  exit.o [4]
  .text     ro code        0x29c     0xa  cexit.o [6]
  .text     ro code        0x2a8    0x14  exit.o [7]
  .text     ro code        0x2bc    0x1c  cstartup_M.o [6]
  .rodata   const          0x2d8    0x10  main.o [1]
  .rodata   const          0x2e8     0xc  main.o [1]
                         - 0x2f4   0x2b4

"P2":                             0x1000
  CSTACK             0x2000'0000  0x1000  <Block>
    CSTACK  uninit   0x2000'0000  0x1000  <Block tail>
                   - 0x2000'1000  0x1000

Unused ranges:

         From           To      Size
         ----           --      ----
        0x2f4     0x1'ffff  0x1'fd0c
  0x2000'1000  0x2000'7fff    0x7000



*******************************************************************************
*** MODULE SUMMARY
***

    Module            ro code  ro data  rw data
    ------            -------  -------  -------
command line/config:
    -------------------------------------------
    Total:

D:\Projects\University\Fall 25\Keysystem\HMI_ECU\Debug\Obj\APP: [1]
    main.o                 44       28
    -------------------------------------------
    Total:                 44       28

D:\Projects\University\Fall 25\Keysystem\HMI_ECU\Debug\Obj\HAL: [2]
    LCD.o                 312
    -------------------------------------------
    Total:                312

D:\Projects\University\Fall 25\Keysystem\HMI_ECU\Debug\Obj\MCAL: [3]
    I2C.o                 172
    -------------------------------------------
    Total:                172

dl7M_tln.a: [4]
    exit.o                  4
    low_level_init.o        4
    -------------------------------------------
    Total:                  8

m7M_tls.a: [5]
    fpinit_M.o             34
    -------------------------------------------
    Total:                 34

rt7M_tl.a: [6]
    cexit.o                10
    cmain.o                30
    cstartup_M.o           28
    vector_table_M.o       64
    vectortrap_M.o          2
    -------------------------------------------
    Total:                134

shb_l.a: [7]
    exit.o                 20
    -------------------------------------------
    Total:                 20

    Gaps                    4
    Linker created                        4'096
-----------------------------------------------
    Grand Total:          728       28    4'096


*******************************************************************************
*** ENTRY LIST
***

Entry                     Address  Size  Type      Object
-----                     -------  ----  ----      ------
?main                       0x275        Code  Gb  cmain.o [6]
BusFault_Handler            0x273        Code  Wk  vectortrap_M.o [6]
CSTACK$$Base          0x2000'0000         --   Gb  - Linker created -
CSTACK$$Limit         0x2000'1000         --   Gb  - Linker created -
DebugMon_Handler            0x273        Code  Wk  vectortrap_M.o [6]
HardFault_Handler           0x273        Code  Wk  vectortrap_M.o [6]
I2C0_Init                   0x179  0x62  Code  Gb  I2C.o [3]
I2C0_WriteByte              0x1db  0x1e  Code  Gb  I2C.o [3]
LCD_Clear                    0xe3  0x12  Code  Gb  LCD.o [2]
LCD_Init                    0x113  0x66  Code  Gb  LCD.o [2]
LCD_SendChar                 0xc1   0xc  Code  Gb  LCD.o [2]
LCD_SendString               0xcd  0x16  Code  Gb  LCD.o [2]
LCD_SetCursor                0xf5  0x1e  Code  Gb  LCD.o [2]
MemManage_Handler           0x273        Code  Wk  vectortrap_M.o [6]
NMI_Handler                 0x273        Code  Wk  vectortrap_M.o [6]
PendSV_Handler              0x273        Code  Wk  vectortrap_M.o [6]
Region$$Table$$Base           0x0         --   Gb  - Linker created -
Region$$Table$$Limit          0x0         --   Gb  - Linker created -
SVC_Handler                 0x273        Code  Wk  vectortrap_M.o [6]
SysTick_Handler             0x273        Code  Wk  vectortrap_M.o [6]
UsageFault_Handler          0x273        Code  Wk  vectortrap_M.o [6]
__cmain                     0x275        Code  Gb  cmain.o [6]
__exit                      0x2a9  0x14  Code  Gb  exit.o [7]
__iar_init_vfp              0x251        Code  Gb  fpinit_M.o [5]
__iar_program_start         0x2bd        Code  Gb  cstartup_M.o [6]
__low_level_init            0x293   0x4  Code  Gb  low_level_init.o [4]
__vector_table                0x0        Data  Gb  vector_table_M.o [6]
_call_main                  0x281        Code  Gb  cmain.o [6]
_exit                       0x29d        Code  Gb  cexit.o [6]
exit                        0x297   0x4  Code  Gb  exit.o [4]
lcd_delay                    0x41  0x10  Code  Lc  LCD.o [2]
lcd_send_byte                0x91  0x24  Code  Lc  LCD.o [2]
lcd_send_cmd                 0xb5   0xc  Code  Lc  LCD.o [2]
lcd_write_nibble             0x51  0x40  Code  Lc  LCD.o [2]
main                        0x225  0x2c  Code  Gb  main.o [1]


[1] = D:\Projects\University\Fall 25\Keysystem\HMI_ECU\Debug\Obj\APP
[2] = D:\Projects\University\Fall 25\Keysystem\HMI_ECU\Debug\Obj\HAL
[3] = D:\Projects\University\Fall 25\Keysystem\HMI_ECU\Debug\Obj\MCAL
[4] = dl7M_tln.a
[5] = m7M_tls.a
[6] = rt7M_tl.a
[7] = shb_l.a

    728 bytes of readonly  code memory
     28 bytes of readonly  data memory
  4'096 bytes of readwrite data memory

Errors: none
Warnings: none
