###############################################################################
#
# IAR ELF Linker V9.10.1.308/W64 for ARM                  18/Dec/2025  21:05:31
# Copyright 2007-2021 IAR Systems AB.
#
#    Output file  =
#        C:\Users\moham\OneDrive\Desktop\Embedded
#        Project\Embedded-Keysystem-v22\Embedded-Keysystem\HMI_ECU\Debug\Exe\HMI_ECU.out
#    Map file     =
#        C:\Users\moham\OneDrive\Desktop\Embedded
#        Project\Embedded-Keysystem-v22\Embedded-Keysystem\HMI_ECU\Debug\List\HMI_ECU.map
#    Command line =
#        -f "C:\Users\moham\OneDrive\Desktop\Embedded
#        Project\Embedded-Keysystem-v22\Embedded-Keysystem\HMI_ECU\Debug\Exe\HMI_ECU.out.rsp"
#        ("C:\Users\moham\OneDrive\Desktop\Embedded
#        Project\Embedded-Keysystem-v22\Embedded-Keysystem\HMI_ECU\Debug\Obj\MCAL\ADC.o"
#        "C:\Users\moham\OneDrive\Desktop\Embedded
#        Project\Embedded-Keysystem-v22\Embedded-Keysystem\HMI_ECU\Debug\Obj\HAL\Buzzer.o"
#        "C:\Users\moham\OneDrive\Desktop\Embedded
#        Project\Embedded-Keysystem-v22\Embedded-Keysystem\HMI_ECU\Debug\Obj\MCAL\Delay.o"
#        "C:\Users\moham\OneDrive\Desktop\Embedded
#        Project\Embedded-Keysystem-v22\Embedded-Keysystem\HMI_ECU\Debug\Obj\MCAL\GPIO.o"
#        "C:\Users\moham\OneDrive\Desktop\Embedded
#        Project\Embedded-Keysystem-v22\Embedded-Keysystem\HMI_ECU\Debug\Obj\MCAL\I2C.o"
#        "C:\Users\moham\OneDrive\Desktop\Embedded
#        Project\Embedded-Keysystem-v22\Embedded-Keysystem\HMI_ECU\Debug\Obj\HAL\keypad.o"
#        "C:\Users\moham\OneDrive\Desktop\Embedded
#        Project\Embedded-Keysystem-v22\Embedded-Keysystem\HMI_ECU\Debug\Obj\HAL\LCD.o"
#        "C:\Users\moham\OneDrive\Desktop\Embedded
#        Project\Embedded-Keysystem-v22\Embedded-Keysystem\HMI_ECU\Debug\Obj\APP\main.o"
#        "C:\Users\moham\OneDrive\Desktop\Embedded
#        Project\Embedded-Keysystem-v22\Embedded-Keysystem\HMI_ECU\Debug\Obj\MCAL\SysTick.o"
#        "C:\Users\moham\OneDrive\Desktop\Embedded
#        Project\Embedded-Keysystem-v22\Embedded-Keysystem\HMI_ECU\Debug\Obj\MCAL\UART.o"
#        --no_out_extension -o "C:\Users\moham\OneDrive\Desktop\Embedded
#        Project\Embedded-Keysystem-v22\Embedded-Keysystem\HMI_ECU\Debug\Exe\HMI_ECU.out"
#        --map "C:\Users\moham\OneDrive\Desktop\Embedded
#        Project\Embedded-Keysystem-v22\Embedded-Keysystem\HMI_ECU\Debug\List\HMI_ECU.map"
#        --config "C:\Program Files\IAR Systems\Embedded Workbench
#        9.0\arm\config\linker\TexasInstruments\TM4C123GE6.icf" --semihosting
#        --entry __iar_program_start --vfe --text_out locale)
#
###############################################################################

*******************************************************************************
*** RUNTIME MODEL ATTRIBUTES
***

CppFlavor       = *
__SystemLibrary = DLib
__dlib_version  = 6


*******************************************************************************
*** HEAP SELECTION
***

The basic heap was selected because no calls to memory allocation
functions were found in the application outside of system library
functions, and there are calls to deallocation functions in the
application.


*******************************************************************************
*** PLACEMENT SUMMARY
***

"A0":  place at address 0x0 { ro section .intvec };
"P1":  place in [from 0x0 to 0x1'ffff] { ro };
define block CSTACK with size = 4K, alignment = 8 { };
define block HEAP with size = 8K, alignment = 8 { };
"P2":  place in [from 0x2000'0000 to 0x2000'7fff] {
          rw, block CSTACK, block HEAP };
initialize by copy { rw };

  Section            Kind         Address    Size  Object
  -------            ----         -------    ----  ------
"A0":                                        0x40
  .intvec            ro code          0x0    0x40  vector_table_M.o [6]
                                   - 0x40    0x40

"P1":                                      0x10cc
  .text              ro code         0x40   0x750  main.o [1]
  .text              ro code        0x790   0x156  LCD.o [2]
  .text              ro code        0x8e6    0x2a  copy_init3.o [6]
  .text              ro code        0x910   0x1b4  keypad.o [2]
  .text              ro code        0xac4    0x8e  Buzzer.o [2]
  .text              ro code        0xb52     0x2  vectortrap_M.o [6]
  .text              ro code        0xb54    0x54  Delay.o [3]
  .text              ro code        0xba8    0xf0  ADC.o [3]
  .text              ro code        0xc98   0x154  UART.o [3]
  .text              ro code        0xdec    0xf4  I2C.o [3]
  .text              ro code        0xee0    0x28  data_init.o [6]
  .text              ro code        0xf08    0x22  fpinit_M.o [5]
  .iar.init_table    const          0xf2c    0x14  - Linker created -
  .text              ro code        0xf40    0x1e  cmain.o [6]
  .text              ro code        0xf5e     0x4  low_level_init.o [4]
  .text              ro code        0xf62     0x4  exit.o [4]
  .text              ro code        0xf68     0xa  cexit.o [6]
  .text              ro code        0xf74    0x14  exit.o [7]
  .text              ro code        0xf88    0x1c  cstartup_M.o [6]
  .rodata            const          0xfa4    0x10  keypad.o [2]
  .rodata            const          0xfb4    0x10  main.o [1]
  .rodata            const          0xfc4    0x10  main.o [1]
  .rodata            const          0xfd4    0x10  main.o [1]
  .rodata            const          0xfe4    0x10  main.o [1]
  .rodata            const          0xff4    0x10  main.o [1]
  .rodata            const         0x1004    0x10  main.o [1]
  .rodata            const         0x1014    0x10  main.o [1]
  .rodata            const         0x1024    0x10  main.o [1]
  .rodata            const         0x1034    0x10  main.o [1]
  .rodata            const         0x1044    0x10  main.o [1]
  .rodata            const         0x1054    0x10  main.o [1]
  .rodata            const         0x1064    0x10  main.o [1]
  Initializer bytes  const         0x1074    0x10  <for P2-1>
  .rodata            const         0x1084     0xc  main.o [1]
  .rodata            const         0x1090     0xc  main.o [1]
  .rodata            const         0x109c     0xc  main.o [1]
  .rodata            const         0x10a8     0xc  main.o [1]
  .rodata            const         0x10b4     0xc  main.o [1]
  .rodata            const         0x10c0     0xc  main.o [1]
  .rodata            const         0x10cc     0xc  main.o [1]
  .rodata            const         0x10d8     0xc  main.o [1]
  .rodata            const         0x10e4     0x8  main.o [1]
  .rodata            const         0x10ec     0x8  main.o [1]
  .rodata            const         0x10f4     0x8  main.o [1]
  .rodata            const         0x10fc     0x8  main.o [1]
  .rodata            const         0x1104     0x8  main.o [1]
  .rodata            const         0x110c     0x0  copy_init3.o [6]
                                 - 0x110c  0x10cc

"P2", part 1 of 2:                           0x10
  P2-1                        0x2000'0000     0xd  <Init block>
    .data            inited   0x2000'0000     0x8  main.o [1]
    .bss             inited   0x2000'0008     0x4  Delay.o [3]
    .data            inited   0x2000'000c     0x1  main.o [1]
                            - 0x2000'000d     0xd

"P2", part 2 of 2:                         0x1000
  CSTACK                      0x2000'0010  0x1000  <Block>
    CSTACK           uninit   0x2000'0010  0x1000  <Block tail>
                            - 0x2000'1010  0x1000

Unused ranges:

         From           To      Size
         ----           --      ----
       0x110c     0x1'ffff  0x1'eef4
  0x2000'1010  0x2000'7fff    0x6ff0


*******************************************************************************
*** INIT TABLE
***

          Address      Size
          -------      ----
Copy (__iar_copy_init3)
    1 source range, total size 0x10 (123% of destination):
               0x1074  0x10
    1 destination range, total size 0xd:
          0x2000'0000   0xd



*******************************************************************************
*** MODULE SUMMARY
***

    Module            ro code  ro data  rw data
    ------            -------  -------  -------
command line/config:
    -------------------------------------------
    Total:

C:\Users\moham\OneDrive\Desktop\Embedded Project\Embedded-Keysystem-v22\Embedded-Keysystem\HMI_ECU\Debug\Obj\APP: [1]
    main.o              1'872      337        9
    -------------------------------------------
    Total:              1'872      337        9

C:\Users\moham\OneDrive\Desktop\Embedded Project\Embedded-Keysystem-v22\Embedded-Keysystem\HMI_ECU\Debug\Obj\HAL: [2]
    Buzzer.o              142
    LCD.o                 342
    keypad.o              436       16
    -------------------------------------------
    Total:                920       16

C:\Users\moham\OneDrive\Desktop\Embedded Project\Embedded-Keysystem-v22\Embedded-Keysystem\HMI_ECU\Debug\Obj\MCAL: [3]
    ADC.o                 240
    Delay.o                84        4        4
    I2C.o                 244
    UART.o                340
    -------------------------------------------
    Total:                908        4        4

dl7M_tln.a: [4]
    exit.o                  4
    low_level_init.o        4
    -------------------------------------------
    Total:                  8

m7M_tls.a: [5]
    fpinit_M.o             34
    -------------------------------------------
    Total:                 34

rt7M_tl.a: [6]
    cexit.o                10
    cmain.o                30
    copy_init3.o           42
    cstartup_M.o           28
    data_init.o            40
    vector_table_M.o       64
    vectortrap_M.o          2
    -------------------------------------------
    Total:                216

shb_l.a: [7]
    exit.o                 20
    -------------------------------------------
    Total:                 20

    Gaps                    4        2
    Linker created                  23    4'096
-----------------------------------------------
    Grand Total:        3'982      382    4'109


*******************************************************************************
*** ENTRY LIST
***

Entry                       Address   Size  Type      Object
-----                       -------   ----  ----      ------
.iar.init_table$$Base         0xf2c          --   Gb  - Linker created -
.iar.init_table$$Limit        0xf40          --   Gb  - Linker created -
?main                         0xf41         Code  Gb  cmain.o [6]
ADC_Init                      0xba9   0x76  Code  Gb  ADC.o [3]
ADC_ReadTimeout               0xc1f   0x44  Code  Gb  ADC.o [3]
BusFault_Handler              0xb53         Code  Wk  vectortrap_M.o [6]
Buzzer_BeepShort              0xb41   0x12  Code  Gb  Buzzer.o [2]
Buzzer_Init                   0xac5   0x48  Code  Gb  Buzzer.o [2]
Buzzer_Off                    0xb1b    0xe  Code  Gb  Buzzer.o [2]
Buzzer_On                     0xb0d    0xe  Code  Gb  Buzzer.o [2]
CSTACK$$Base            0x2000'0010          --   Gb  - Linker created -
CSTACK$$Limit           0x2000'1010          --   Gb  - Linker created -
Control_IsInitialized         0x211   0x3a  Code  Lc  main.o [1]
Control_LoadSavedTimeout
                              0x24b   0x48  Code  Lc  main.o [1]
DebugMon_Handler              0xb53         Code  Wk  vectortrap_M.o [6]
Delay_GetTicksMs              0xb83    0x6  Code  Gb  Delay.o [3]
Delay_Init_16MHz              0xb61   0x22  Code  Gb  Delay.o [3]
Delay_ms                      0xb89   0x10  Code  Gb  Delay.o [3]
HardFault_Handler             0xb53         Code  Wk  vectortrap_M.o [6]
I2C0_Init_100k_16MHz          0xe1f   0x72  Code  Gb  I2C.o [3]
I2C0_WaitDone                 0xded   0x32  Code  Lc  I2C.o [3]
I2C0_WriteByte                0xe91   0x1e  Code  Gb  I2C.o [3]
InitialPasswordSetup          0x337  0x126  Code  Lc  main.o [1]
Keypad_DriveRowLow            0x91f   0x1e  Code  Lc  keypad.o [2]
Keypad_GetKey                 0xa71   0x18  Code  Gb  keypad.o [2]
Keypad_GetKeyTimeout          0xa89   0x3c  Code  Gb  keypad.o [2]
Keypad_Init                   0x9b7   0x84  Code  Gb  keypad.o [2]
Keypad_ScanOnce               0x93d   0x7a  Code  Lc  keypad.o [2]
Keypad_SetAllRowsHigh         0x911    0xe  Code  Lc  keypad.o [2]
LCD_Clear                     0x851   0x10  Code  Gb  LCD.o [2]
LCD_Init                      0x87f   0x68  Code  Gb  LCD.o [2]
LCD_PrintNumber                0x41   0x62  Code  Lc  main.o [1]
LCD_SendByte                  0x7ef   0x24  Code  Lc  LCD.o [2]
LCD_SendChar                  0x825   0x12  Code  Gb  LCD.o [2]
LCD_SendCmd                   0x813   0x12  Code  Lc  LCD.o [2]
LCD_SendString                0x837   0x1a  Code  Gb  LCD.o [2]
LCD_SetCursor                 0x861   0x1e  Code  Gb  LCD.o [2]
LCD_Strobe                    0x7a1   0x26  Code  Lc  LCD.o [2]
LCD_WriteExpander             0x791   0x10  Code  Lc  LCD.o [2]
LCD_WriteNibble               0x7c7   0x28  Code  Lc  LCD.o [2]
Lockout_Countdown             0x15d   0x70  Code  Lc  main.o [1]
MainMenu                      0x681   0x70  Code  Lc  main.o [1]
MemManage_Handler             0xb53         Code  Wk  vectortrap_M.o [6]
MenuNames               0x2000'0000    0x8  Data  Lc  main.o [1]
NMI_Handler                   0xb53         Code  Wk  vectortrap_M.o [6]
OpenDoorFlow                  0x5d7   0xaa  Code  Lc  main.o [1]
Password_ReadScreen            0xa3   0xba  Code  Lc  main.o [1]
PendSV_Handler                0xb53         Code  Wk  vectortrap_M.o [6]
Pot_ReadTimeoutSeconds        0x1cd   0x44  Code  Lc  main.o [1]
Region$$Table$$Base           0xf2c          --   Gb  - Linker created -
Region$$Table$$Limit          0xf40          --   Gb  - Linker created -
SVC_Handler                   0xb53         Code  Wk  vectortrap_M.o [6]
SetTimeoutUsingPot            0x45d  0x17a  Code  Lc  main.o [1]
SysTick_Handler               0xb55    0xc  Code  Gb  Delay.o [3]
UART1_FlushRx                 0xda7   0x10  Code  Gb  UART.o [3]
UART1_Init                    0xcd9   0x8a  Code  Gb  UART.o [3]
UART1_ReceiveByteTimeout
                              0xd73   0x34  Code  Gb  UART.o [3]
UART1_SendByte                0xd63   0x10  Code  Gb  UART.o [3]
UART1_SetBaudRate             0xc99   0x40  Code  Lc  UART.o [3]
UsageFault_Handler            0xb53         Code  Wk  vectortrap_M.o [6]
VerifyPassword_WithAttempts
                              0x293   0xa4  Code  Lc  main.o [1]
__cmain                       0xf41         Code  Gb  cmain.o [6]
__exit                        0xf75   0x14  Code  Gb  exit.o [7]
__iar_copy_init3              0x8e7   0x2a  Code  Gb  copy_init3.o [6]
__iar_data_init3              0xee1   0x28  Code  Gb  data_init.o [6]
__iar_init_vfp                0xf09         Code  Gb  fpinit_M.o [5]
__iar_program_start           0xf89         Code  Gb  cstartup_M.o [6]
__low_level_init              0xf5f    0x4  Code  Gb  low_level_init.o [4]
__vector_table                  0x0         Data  Gb  vector_table_M.o [6]
_call_main                    0xf4d         Code  Gb  cmain.o [6]
_exit                         0xf69         Code  Gb  cexit.o [6]
exit                          0xf63    0x4  Code  Gb  exit.o [4]
g_msTicks               0x2000'0008    0x4  Data  Lc  Delay.o [3]
g_timeout_seconds       0x2000'000c    0x1  Data  Lc  main.o [1]
main                          0x759   0x38  Code  Gb  main.o [1]
s_keymap                      0xfa4   0x10  Data  Lc  keypad.o [2]


[1] = C:\Users\moham\OneDrive\Desktop\Embedded Project\Embedded-Keysystem-v22\Embedded-Keysystem\HMI_ECU\Debug\Obj\APP
[2] = C:\Users\moham\OneDrive\Desktop\Embedded Project\Embedded-Keysystem-v22\Embedded-Keysystem\HMI_ECU\Debug\Obj\HAL
[3] = C:\Users\moham\OneDrive\Desktop\Embedded Project\Embedded-Keysystem-v22\Embedded-Keysystem\HMI_ECU\Debug\Obj\MCAL
[4] = dl7M_tln.a
[5] = m7M_tls.a
[6] = rt7M_tl.a
[7] = shb_l.a

  3'982 bytes of readonly  code memory
    382 bytes of readonly  data memory
  4'109 bytes of readwrite data memory

Errors: none
Warnings: none
