###############################################################################
#
# IAR ELF Linker V9.10.1.308/W64 for ARM                  11/Dec/2025  22:21:04
# Copyright 2007-2021 IAR Systems AB.
#
#    Output file  =
#        C:\Users\moham\OneDrive\Desktop\Embedded
#        Project\Embedded-Keysystem\HMI_ECU\Debug\Exe\HMI_ECU.out
#    Map file     =
#        C:\Users\moham\OneDrive\Desktop\Embedded
#        Project\Embedded-Keysystem\HMI_ECU\Debug\List\HMI_ECU.map
#    Command line =
#        -f "C:\Users\moham\OneDrive\Desktop\Embedded
#        Project\Embedded-Keysystem\HMI_ECU\Debug\Exe\HMI_ECU.out.rsp"
#        ("C:\Users\moham\OneDrive\Desktop\Embedded
#        Project\Embedded-Keysystem\HMI_ECU\Debug\Obj\MCAL\ADC.o"
#        "C:\Users\moham\OneDrive\Desktop\Embedded
#        Project\Embedded-Keysystem\HMI_ECU\Debug\Obj\HAL\Buzzer.o"
#        "C:\Users\moham\OneDrive\Desktop\Embedded
#        Project\Embedded-Keysystem\HMI_ECU\Debug\Obj\MCAL\GPIO.o"
#        "C:\Users\moham\OneDrive\Desktop\Embedded
#        Project\Embedded-Keysystem\HMI_ECU\Debug\Obj\MCAL\I2C.o"
#        "C:\Users\moham\OneDrive\Desktop\Embedded
#        Project\Embedded-Keysystem\HMI_ECU\Debug\Obj\HAL\keypad.o"
#        "C:\Users\moham\OneDrive\Desktop\Embedded
#        Project\Embedded-Keysystem\HMI_ECU\Debug\Obj\HAL\LCD.o"
#        "C:\Users\moham\OneDrive\Desktop\Embedded
#        Project\Embedded-Keysystem\HMI_ECU\Debug\Obj\APP\main.o"
#        "C:\Users\moham\OneDrive\Desktop\Embedded
#        Project\Embedded-Keysystem\HMI_ECU\Debug\Obj\MCAL\SysTick.o"
#        "C:\Users\moham\OneDrive\Desktop\Embedded
#        Project\Embedded-Keysystem\HMI_ECU\Debug\Obj\MCAL\UART.o"
#        --no_out_extension -o "C:\Users\moham\OneDrive\Desktop\Embedded
#        Project\Embedded-Keysystem\HMI_ECU\Debug\Exe\HMI_ECU.out" --map
#        "C:\Users\moham\OneDrive\Desktop\Embedded
#        Project\Embedded-Keysystem\HMI_ECU\Debug\List\HMI_ECU.map" --config
#        "C:\Program Files\IAR Systems\Embedded Workbench
#        9.0\arm\config\linker\TexasInstruments\TM4C123GE6.icf" --semihosting
#        --entry __iar_program_start --vfe --text_out locale)
#
###############################################################################

*******************************************************************************
*** RUNTIME MODEL ATTRIBUTES
***

CppFlavor       = *
__SystemLibrary = DLib
__dlib_version  = 6


*******************************************************************************
*** HEAP SELECTION
***

The basic heap was selected because no calls to memory allocation
functions were found in the application outside of system library
functions, and there are calls to deallocation functions in the
application.


*******************************************************************************
*** PLACEMENT SUMMARY
***

"A0":  place at address 0x0 { ro section .intvec };
"P1":  place in [from 0x0 to 0x1'ffff] { ro };
define block CSTACK with size = 4K, alignment = 8 { };
define block HEAP with size = 8K, alignment = 8 { };
"P2":  place in [from 0x2000'0000 to 0x2000'7fff] {
          rw, block CSTACK, block HEAP };
initialize by copy { rw };

  Section            Kind         Address    Size  Object
  -------            ----         -------    ----  ------
"A0":                                        0x40
  .intvec            ro code          0x0    0x40  vector_table_M.o [6]
                                   - 0x40    0x40

"P1":                                      0x1044
  .text              ro code         0x40   0x7cc  main.o [1]
  .text              ro code        0x80c   0x138  LCD.o [2]
  .text              ro code        0x944   0x10c  keypad.o [2]
  .text              ro code        0xa50    0x84  Buzzer.o [2]
  .text              ro code        0xad4    0x4c  SysTick.o [3]
  .text              ro code        0xb20   0x104  UART.o [3]
  .text              ro code        0xc24    0xdc  ADC.o [3]
  .text              ro code        0xd00    0xac  I2C.o [3]
  .text              ro code        0xdac    0x2a  copy_init3.o [6]
  .text              ro code        0xdd6     0x2  vectortrap_M.o [6]
  .text              ro code        0xdd8    0x28  data_init.o [6]
  .text              ro code        0xe00    0x22  fpinit_M.o [5]
  .iar.init_table    const          0xe24    0x14  - Linker created -
  .text              ro code        0xe38    0x1e  cmain.o [6]
  .text              ro code        0xe56     0x4  low_level_init.o [4]
  .text              ro code        0xe5a     0x4  exit.o [4]
  .text              ro code        0xe60     0xa  cexit.o [6]
  .text              ro code        0xe6c    0x14  exit.o [7]
  .text              ro code        0xe80    0x1c  cstartup_M.o [6]
  Initializer bytes  const          0xe9c    0x14  <for P2-1>
  .rodata            const          0xeb0    0x10  keypad.o [2]
  .rodata            const          0xec0    0x10  main.o [1]
  .rodata            const          0xed0    0x10  main.o [1]
  .rodata            const          0xee0    0x10  main.o [1]
  .rodata            const          0xef0    0x10  main.o [1]
  .rodata            const          0xf00    0x10  main.o [1]
  .rodata            const          0xf10    0x10  main.o [1]
  .rodata            const          0xf20    0x10  main.o [1]
  .rodata            const          0xf30    0x10  main.o [1]
  .rodata            const          0xf40    0x10  main.o [1]
  .rodata            const          0xf50    0x10  main.o [1]
  .rodata            const          0xf60    0x10  main.o [1]
  .rodata            const          0xf70    0x10  main.o [1]
  .rodata            const          0xf80    0x10  main.o [1]
  .rodata            const          0xf90    0x10  main.o [1]
  .rodata            const          0xfa0    0x10  main.o [1]
  .rodata            const          0xfb0    0x10  main.o [1]
  .rodata            const          0xfc0    0x10  main.o [1]
  .rodata            const          0xfd0    0x10  main.o [1]
  .rodata            const          0xfe0    0x10  main.o [1]
  .rodata            const          0xff0     0xc  main.o [1]
  .rodata            const          0xffc     0xc  main.o [1]
  .rodata            const         0x1008     0xc  main.o [1]
  .rodata            const         0x1014     0xc  main.o [1]
  .rodata            const         0x1020     0xc  main.o [1]
  .rodata            const         0x102c     0xc  main.o [1]
  .rodata            const         0x1038     0xc  main.o [1]
  .rodata            const         0x1044     0xc  main.o [1]
  .rodata            const         0x1050     0xc  main.o [1]
  .rodata            const         0x105c     0x8  main.o [1]
  .rodata            const         0x1064     0x8  main.o [1]
  .rodata            const         0x106c     0x8  main.o [1]
  .rodata            const         0x1074     0x8  main.o [1]
  .rodata            const         0x107c     0x8  main.o [1]
  .rodata            const         0x1084     0x0  copy_init3.o [6]
                                 - 0x1084  0x1044

"P2", part 1 of 2:                           0x14
  P2-1                        0x2000'0000    0x11  <Init block>
    .data            inited   0x2000'0000    0x10  main.o [1]
    .data            inited   0x2000'0010     0x1  main.o [1]
                            - 0x2000'0011    0x11

"P2", part 2 of 2:                         0x1000
  CSTACK                      0x2000'0018  0x1000  <Block>
    CSTACK           uninit   0x2000'0018  0x1000  <Block tail>
                            - 0x2000'1018  0x1000

Unused ranges:

         From           To      Size
         ----           --      ----
       0x1084     0x1'ffff  0x1'ef7c
  0x2000'0014  0x2000'0017       0x4
  0x2000'1018  0x2000'7fff    0x6fe8


*******************************************************************************
*** INIT TABLE
***

          Address      Size
          -------      ----
Copy (__iar_copy_init3)
    1 source range, total size 0x14 (117% of destination):
                0xe9c  0x14
    1 destination range, total size 0x11:
          0x2000'0000  0x11



*******************************************************************************
*** MODULE SUMMARY
***

    Module            ro code  ro data  rw data
    ------            -------  -------  -------
command line/config:
    -------------------------------------------
    Total:

C:\Users\moham\OneDrive\Desktop\Embedded Project\Embedded-Keysystem\HMI_ECU\Debug\Obj\APP: [1]
    main.o              1'996      469       17
    -------------------------------------------
    Total:              1'996      469       17

C:\Users\moham\OneDrive\Desktop\Embedded Project\Embedded-Keysystem\HMI_ECU\Debug\Obj\HAL: [2]
    Buzzer.o              132
    LCD.o                 312
    keypad.o              268       16
    -------------------------------------------
    Total:                712       16

C:\Users\moham\OneDrive\Desktop\Embedded Project\Embedded-Keysystem\HMI_ECU\Debug\Obj\MCAL: [3]
    ADC.o                 220
    I2C.o                 172
    SysTick.o              76
    UART.o                260
    -------------------------------------------
    Total:                728

dl7M_tln.a: [4]
    exit.o                  4
    low_level_init.o        4
    -------------------------------------------
    Total:                  8

m7M_tls.a: [5]
    fpinit_M.o             34
    -------------------------------------------
    Total:                 34

rt7M_tl.a: [6]
    cexit.o                10
    cmain.o                30
    copy_init3.o           42
    cstartup_M.o           28
    data_init.o            40
    vector_table_M.o       64
    vectortrap_M.o          2
    -------------------------------------------
    Total:                216

shb_l.a: [7]
    exit.o                 20
    -------------------------------------------
    Total:                 20

    Gaps                    4        2
    Linker created                  23    4'096
-----------------------------------------------
    Grand Total:        3'718      510    4'113


*******************************************************************************
*** ENTRY LIST
***

Entry                       Address   Size  Type      Object
-----                       -------   ----  ----      ------
.iar.init_table$$Base         0xe24          --   Gb  - Linker created -
.iar.init_table$$Limit        0xe38          --   Gb  - Linker created -
?main                         0xe39         Code  Gb  cmain.o [6]
ADC_Init                      0xc25   0x86  Code  Gb  ADC.o [3]
ADC_Read                      0xcab   0x20  Code  Gb  ADC.o [3]
BusFault_Handler              0xdd7         Code  Wk  vectortrap_M.o [6]
Buzzer_BeepShort              0xaad   0x12  Code  Gb  Buzzer.o [2]
Buzzer_Init                   0xa61   0x30  Code  Gb  Buzzer.o [2]
Buzzer_Off                    0xa9f    0xe  Code  Gb  Buzzer.o [2]
Buzzer_On                     0xa91    0xe  Code  Gb  Buzzer.o [2]
CSTACK$$Base            0x2000'0018          --   Gb  - Linker created -
CSTACK$$Limit           0x2000'1018          --   Gb  - Linker created -
DebugMon_Handler              0xdd7         Code  Wk  vectortrap_M.o [6]
HMI_ChangePassword            0x593   0xc0  Code  Lc  main.o [1]
HMI_GetPasswordScreen         0x125   0xba  Code  Lc  main.o [1]
HMI_InitialPasswordSetup
                              0x2ef   0xf6  Code  Lc  main.o [1]
HMI_IsInitialized             0x24d   0x30  Code  Lc  main.o [1]
HMI_LockoutCountdown          0x1df   0x6e  Code  Lc  main.o [1]
HMI_MainMenu                  0x6c1   0x94  Code  Lc  main.o [1]
HMI_OpenDoorFlow              0x4f1   0xa2  Code  Lc  main.o [1]
HMI_ResetSystem               0x653   0x6e  Code  Lc  main.o [1]
HMI_SetTimeoutUsingPot        0x3e5  0x108  Code  Lc  main.o [1]
HMI_VerifyPasswordWithAttempts
                              0x27d   0x72  Code  Lc  main.o [1]
HardFault_Handler             0xdd7         Code  Wk  vectortrap_M.o [6]
I2C0_Init                     0xd01   0x62  Code  Gb  I2C.o [3]
I2C0_WriteByte                0xd63   0x1e  Code  Gb  I2C.o [3]
Keypad_GetKey                 0x9af   0x7e  Code  Gb  keypad.o [2]
Keypad_Init                   0x955   0x5a  Code  Gb  keypad.o [2]
Keypad_ScanOnce                0x8f   0x96  Code  Lc  main.o [1]
Keypad_ScanOnce::keymap
                              0xfe0   0x10  Data  Lc  main.o [1]
LCD_Clear                     0x8af   0x12  Code  Gb  LCD.o [2]
LCD_Init                      0x8df   0x66  Code  Gb  LCD.o [2]
LCD_PrintNumber                0x41   0x4e  Code  Lc  main.o [1]
LCD_SendChar                  0x88d    0xc  Code  Gb  LCD.o [2]
LCD_SendString                0x899   0x16  Code  Gb  LCD.o [2]
LCD_SetCursor                 0x8c1   0x1e  Code  Gb  LCD.o [2]
MemManage_Handler             0xdd7         Code  Wk  vectortrap_M.o [6]
MenuNames               0x2000'0000   0x10  Data  Lc  main.o [1]
NMI_Handler                   0xdd7         Code  Wk  vectortrap_M.o [6]
PendSV_Handler                0xdd7         Code  Wk  vectortrap_M.o [6]
Region$$Table$$Base           0xe24          --   Gb  - Linker created -
Region$$Table$$Limit          0xe38          --   Gb  - Linker created -
SVC_Handler                   0xdd7         Code  Wk  vectortrap_M.o [6]
SysTick_DelayMs               0xaf1   0x22  Code  Gb  SysTick.o [3]
SysTick_Handler               0xdd7         Code  Wk  vectortrap_M.o [6]
SysTick_Init                  0xad5   0x1c  Code  Gb  SysTick.o [3]
UART1_Init                    0xb21   0xaa  Code  Gb  UART.o [3]
UART1_ReceiveByte             0xbdb   0x10  Code  Gb  UART.o [3]
UART1_SendByte                0xbcb   0x10  Code  Gb  UART.o [3]
UsageFault_Handler            0xdd7         Code  Wk  vectortrap_M.o [6]
__cmain                       0xe39         Code  Gb  cmain.o [6]
__exit                        0xe6d   0x14  Code  Gb  exit.o [7]
__iar_copy_init3              0xdad   0x2a  Code  Gb  copy_init3.o [6]
__iar_data_init3              0xdd9   0x28  Code  Gb  data_init.o [6]
__iar_init_vfp                0xe01         Code  Gb  fpinit_M.o [5]
__iar_program_start           0xe81         Code  Gb  cstartup_M.o [6]
__low_level_init              0xe57    0x4  Code  Gb  low_level_init.o [4]
__vector_table                  0x0         Data  Gb  vector_table_M.o [6]
_call_main                    0xe45         Code  Gb  cmain.o [6]
_exit                         0xe61         Code  Gb  cexit.o [6]
buzzer_delay                  0xa51   0x10  Code  Lc  Buzzer.o [2]
delay_small                   0x945   0x10  Code  Lc  keypad.o [2]
exit                          0xe5b    0x4  Code  Gb  exit.o [4]
g_timeout_seconds       0x2000'0010    0x1  Data  Lc  main.o [1]
keymap                        0xeb0   0x10  Data  Lc  keypad.o [2]
lcd_delay                     0x80d   0x10  Code  Lc  LCD.o [2]
lcd_send_byte                 0x85d   0x24  Code  Lc  LCD.o [2]
lcd_send_cmd                  0x881    0xc  Code  Lc  LCD.o [2]
lcd_write_nibble              0x81d   0x40  Code  Lc  LCD.o [2]
main                          0x7dd   0x30  Code  Gb  main.o [1]


[1] = C:\Users\moham\OneDrive\Desktop\Embedded Project\Embedded-Keysystem\HMI_ECU\Debug\Obj\APP
[2] = C:\Users\moham\OneDrive\Desktop\Embedded Project\Embedded-Keysystem\HMI_ECU\Debug\Obj\HAL
[3] = C:\Users\moham\OneDrive\Desktop\Embedded Project\Embedded-Keysystem\HMI_ECU\Debug\Obj\MCAL
[4] = dl7M_tln.a
[5] = m7M_tls.a
[6] = rt7M_tl.a
[7] = shb_l.a

  3'718 bytes of readonly  code memory
    510 bytes of readonly  data memory
  4'113 bytes of readwrite data memory

Errors: none
Warnings: none
