###############################################################################
#
# IAR ELF Linker V9.10.1.308/W64 for ARM                  16/Dec/2025  21:52:15
# Copyright 2007-2021 IAR Systems AB.
#
#    Output file  =
#        C:\Users\moham\OneDrive\Desktop\Embedded
#        Project\Embedded-Keysystem-v22\Embedded-Keysystem\HMI_ECU\Debug\Exe\HMI_ECU.out
#    Map file     =
#        C:\Users\moham\OneDrive\Desktop\Embedded
#        Project\Embedded-Keysystem-v22\Embedded-Keysystem\HMI_ECU\Debug\List\HMI_ECU.map
#    Command line =
#        -f "C:\Users\moham\OneDrive\Desktop\Embedded
#        Project\Embedded-Keysystem-v22\Embedded-Keysystem\HMI_ECU\Debug\Exe\HMI_ECU.out.rsp"
#        ("C:\Users\moham\OneDrive\Desktop\Embedded
#        Project\Embedded-Keysystem-v22\Embedded-Keysystem\HMI_ECU\Debug\Obj\MCAL\ADC.o"
#        "C:\Users\moham\OneDrive\Desktop\Embedded
#        Project\Embedded-Keysystem-v22\Embedded-Keysystem\HMI_ECU\Debug\Obj\HAL\Buzzer.o"
#        "C:\Users\moham\OneDrive\Desktop\Embedded
#        Project\Embedded-Keysystem-v22\Embedded-Keysystem\HMI_ECU\Debug\Obj\MCAL\GPIO.o"
#        "C:\Users\moham\OneDrive\Desktop\Embedded
#        Project\Embedded-Keysystem-v22\Embedded-Keysystem\HMI_ECU\Debug\Obj\MCAL\I2C.o"
#        "C:\Users\moham\OneDrive\Desktop\Embedded
#        Project\Embedded-Keysystem-v22\Embedded-Keysystem\HMI_ECU\Debug\Obj\HAL\keypad.o"
#        "C:\Users\moham\OneDrive\Desktop\Embedded
#        Project\Embedded-Keysystem-v22\Embedded-Keysystem\HMI_ECU\Debug\Obj\HAL\LCD.o"
#        "C:\Users\moham\OneDrive\Desktop\Embedded
#        Project\Embedded-Keysystem-v22\Embedded-Keysystem\HMI_ECU\Debug\Obj\APP\main.o"
#        "C:\Users\moham\OneDrive\Desktop\Embedded
#        Project\Embedded-Keysystem-v22\Embedded-Keysystem\HMI_ECU\Debug\Obj\MCAL\SysTick.o"
#        "C:\Users\moham\OneDrive\Desktop\Embedded
#        Project\Embedded-Keysystem-v22\Embedded-Keysystem\HMI_ECU\Debug\Obj\MCAL\UART.o"
#        --no_out_extension -o "C:\Users\moham\OneDrive\Desktop\Embedded
#        Project\Embedded-Keysystem-v22\Embedded-Keysystem\HMI_ECU\Debug\Exe\HMI_ECU.out"
#        --map "C:\Users\moham\OneDrive\Desktop\Embedded
#        Project\Embedded-Keysystem-v22\Embedded-Keysystem\HMI_ECU\Debug\List\HMI_ECU.map"
#        --config "C:\Program Files\IAR Systems\Embedded Workbench
#        9.0\arm\config\linker\TexasInstruments\TM4C123GE6.icf" --semihosting
#        --entry __iar_program_start --vfe --text_out locale)
#
###############################################################################

*******************************************************************************
*** RUNTIME MODEL ATTRIBUTES
***

CppFlavor       = *
__SystemLibrary = DLib
__dlib_version  = 6


*******************************************************************************
*** HEAP SELECTION
***

The basic heap was selected because no calls to memory allocation
functions were found in the application outside of system library
functions, and there are calls to deallocation functions in the
application.


*******************************************************************************
*** PLACEMENT SUMMARY
***

"A0":  place at address 0x0 { ro section .intvec };
"P1":  place in [from 0x0 to 0x1'ffff] { ro };
define block CSTACK with size = 4K, alignment = 8 { };
define block HEAP with size = 8K, alignment = 8 { };
"P2":  place in [from 0x2000'0000 to 0x2000'7fff] {
          rw, block CSTACK, block HEAP };
initialize by copy { rw };

  Section            Kind         Address    Size  Object
  -------            ----         -------    ----  ------
"A0":                                        0x40
  .intvec            ro code          0x0    0x40  vector_table_M.o [6]
                                   - 0x40    0x40

"P1":                                      0x107c
  .text              ro code         0x40   0x804  main.o [1]
  .text              ro code        0x844   0x138  LCD.o [2]
  .text              ro code        0x97c   0x10c  keypad.o [2]
  .text              ro code        0xa88    0x84  Buzzer.o [2]
  .text              ro code        0xb0c    0x4c  SysTick.o [3]
  .text              ro code        0xb58   0x104  UART.o [3]
  .text              ro code        0xc5c    0xdc  ADC.o [3]
  .text              ro code        0xd38    0xac  I2C.o [3]
  .text              ro code        0xde4    0x2a  copy_init3.o [6]
  .text              ro code        0xe0e     0x2  vectortrap_M.o [6]
  .text              ro code        0xe10    0x28  data_init.o [6]
  .text              ro code        0xe38    0x22  fpinit_M.o [5]
  .iar.init_table    const          0xe5c    0x14  - Linker created -
  .text              ro code        0xe70    0x1e  cmain.o [6]
  .text              ro code        0xe8e     0x4  low_level_init.o [4]
  .text              ro code        0xe92     0x4  exit.o [4]
  .text              ro code        0xe98     0xa  cexit.o [6]
  .text              ro code        0xea4    0x14  exit.o [7]
  .text              ro code        0xeb8    0x1c  cstartup_M.o [6]
  Initializer bytes  const          0xed4    0x14  <for P2-1>
  .rodata            const          0xee8    0x10  keypad.o [2]
  .rodata            const          0xef8    0x10  main.o [1]
  .rodata            const          0xf08    0x10  main.o [1]
  .rodata            const          0xf18    0x10  main.o [1]
  .rodata            const          0xf28    0x10  main.o [1]
  .rodata            const          0xf38    0x10  main.o [1]
  .rodata            const          0xf48    0x10  main.o [1]
  .rodata            const          0xf58    0x10  main.o [1]
  .rodata            const          0xf68    0x10  main.o [1]
  .rodata            const          0xf78    0x10  main.o [1]
  .rodata            const          0xf88    0x10  main.o [1]
  .rodata            const          0xf98    0x10  main.o [1]
  .rodata            const          0xfa8    0x10  main.o [1]
  .rodata            const          0xfb8    0x10  main.o [1]
  .rodata            const          0xfc8    0x10  main.o [1]
  .rodata            const          0xfd8    0x10  main.o [1]
  .rodata            const          0xfe8    0x10  main.o [1]
  .rodata            const          0xff8    0x10  main.o [1]
  .rodata            const         0x1008    0x10  main.o [1]
  .rodata            const         0x1018    0x10  main.o [1]
  .rodata            const         0x1028     0xc  main.o [1]
  .rodata            const         0x1034     0xc  main.o [1]
  .rodata            const         0x1040     0xc  main.o [1]
  .rodata            const         0x104c     0xc  main.o [1]
  .rodata            const         0x1058     0xc  main.o [1]
  .rodata            const         0x1064     0xc  main.o [1]
  .rodata            const         0x1070     0xc  main.o [1]
  .rodata            const         0x107c     0xc  main.o [1]
  .rodata            const         0x1088     0xc  main.o [1]
  .rodata            const         0x1094     0x8  main.o [1]
  .rodata            const         0x109c     0x8  main.o [1]
  .rodata            const         0x10a4     0x8  main.o [1]
  .rodata            const         0x10ac     0x8  main.o [1]
  .rodata            const         0x10b4     0x8  main.o [1]
  .rodata            const         0x10bc     0x0  copy_init3.o [6]
                                 - 0x10bc  0x107c

"P2", part 1 of 2:                           0x14
  P2-1                        0x2000'0000    0x11  <Init block>
    .data            inited   0x2000'0000    0x10  main.o [1]
    .data            inited   0x2000'0010     0x1  main.o [1]
                            - 0x2000'0011    0x11

"P2", part 2 of 2:                         0x1000
  CSTACK                      0x2000'0018  0x1000  <Block>
    CSTACK           uninit   0x2000'0018  0x1000  <Block tail>
                            - 0x2000'1018  0x1000

Unused ranges:

         From           To      Size
         ----           --      ----
       0x10bc     0x1'ffff  0x1'ef44
  0x2000'0014  0x2000'0017       0x4
  0x2000'1018  0x2000'7fff    0x6fe8


*******************************************************************************
*** INIT TABLE
***

          Address      Size
          -------      ----
Copy (__iar_copy_init3)
    1 source range, total size 0x14 (117% of destination):
                0xed4  0x14
    1 destination range, total size 0x11:
          0x2000'0000  0x11



*******************************************************************************
*** MODULE SUMMARY
***

    Module            ro code  ro data  rw data
    ------            -------  -------  -------
command line/config:
    -------------------------------------------
    Total:

C:\Users\moham\OneDrive\Desktop\Embedded Project\Embedded-Keysystem-v22\Embedded-Keysystem\HMI_ECU\Debug\Obj\APP: [1]
    main.o              2'052      469       17
    -------------------------------------------
    Total:              2'052      469       17

C:\Users\moham\OneDrive\Desktop\Embedded Project\Embedded-Keysystem-v22\Embedded-Keysystem\HMI_ECU\Debug\Obj\HAL: [2]
    Buzzer.o              132
    LCD.o                 312
    keypad.o              268       16
    -------------------------------------------
    Total:                712       16

C:\Users\moham\OneDrive\Desktop\Embedded Project\Embedded-Keysystem-v22\Embedded-Keysystem\HMI_ECU\Debug\Obj\MCAL: [3]
    ADC.o                 220
    I2C.o                 172
    SysTick.o              76
    UART.o                260
    -------------------------------------------
    Total:                728

dl7M_tln.a: [4]
    exit.o                  4
    low_level_init.o        4
    -------------------------------------------
    Total:                  8

m7M_tls.a: [5]
    fpinit_M.o             34
    -------------------------------------------
    Total:                 34

rt7M_tl.a: [6]
    cexit.o                10
    cmain.o                30
    copy_init3.o           42
    cstartup_M.o           28
    data_init.o            40
    vector_table_M.o       64
    vectortrap_M.o          2
    -------------------------------------------
    Total:                216

shb_l.a: [7]
    exit.o                 20
    -------------------------------------------
    Total:                 20

    Gaps                    4        2
    Linker created                  23    4'096
-----------------------------------------------
    Grand Total:        3'774      510    4'113


*******************************************************************************
*** ENTRY LIST
***

Entry                       Address   Size  Type      Object
-----                       -------   ----  ----      ------
.iar.init_table$$Base         0xe5c          --   Gb  - Linker created -
.iar.init_table$$Limit        0xe70          --   Gb  - Linker created -
?main                         0xe71         Code  Gb  cmain.o [6]
ADC_Init                      0xc5d   0x86  Code  Gb  ADC.o [3]
ADC_Read                      0xce3   0x20  Code  Gb  ADC.o [3]
BusFault_Handler              0xe0f         Code  Wk  vectortrap_M.o [6]
Buzzer_BeepShort              0xae5   0x12  Code  Gb  Buzzer.o [2]
Buzzer_Init                   0xa99   0x30  Code  Gb  Buzzer.o [2]
Buzzer_Off                    0xad7    0xe  Code  Gb  Buzzer.o [2]
Buzzer_On                     0xac9    0xe  Code  Gb  Buzzer.o [2]
CSTACK$$Base            0x2000'0018          --   Gb  - Linker created -
CSTACK$$Limit           0x2000'1018          --   Gb  - Linker created -
DebugMon_Handler              0xe0f         Code  Wk  vectortrap_M.o [6]
HMI_ChangePassword            0x5cb   0xbe  Code  Lc  main.o [1]
HMI_GetPasswordScreen         0x125   0xba  Code  Lc  main.o [1]
HMI_InitialPasswordSetup
                              0x2f1   0xf6  Code  Lc  main.o [1]
HMI_IsInitialized             0x24f   0x30  Code  Lc  main.o [1]
HMI_LockoutCountdown          0x1df   0x70  Code  Lc  main.o [1]
HMI_MainMenu                  0x6f7   0x94  Code  Lc  main.o [1]
HMI_OpenDoorFlow              0x529   0xa2  Code  Lc  main.o [1]
HMI_ResetSystem               0x689   0x6e  Code  Lc  main.o [1]
HMI_SetTimeoutUsingPot        0x3e7  0x142  Code  Lc  main.o [1]
HMI_VerifyPasswordWithAttempts
                              0x27f   0x72  Code  Lc  main.o [1]
HardFault_Handler             0xe0f         Code  Wk  vectortrap_M.o [6]
I2C0_Init                     0xd39   0x62  Code  Gb  I2C.o [3]
I2C0_WriteByte                0xd9b   0x1e  Code  Gb  I2C.o [3]
Keypad_GetKey                 0x9e7   0x7e  Code  Gb  keypad.o [2]
Keypad_Init                   0x98d   0x5a  Code  Gb  keypad.o [2]
Keypad_ScanOnce                0x8f   0x96  Code  Lc  main.o [1]
Keypad_ScanOnce::keymap
                             0x1018   0x10  Data  Lc  main.o [1]
LCD_Clear                     0x8e7   0x12  Code  Gb  LCD.o [2]
LCD_Init                      0x917   0x66  Code  Gb  LCD.o [2]
LCD_PrintNumber                0x41   0x4e  Code  Lc  main.o [1]
LCD_SendChar                  0x8c5    0xc  Code  Gb  LCD.o [2]
LCD_SendString                0x8d1   0x16  Code  Gb  LCD.o [2]
LCD_SetCursor                 0x8f9   0x1e  Code  Gb  LCD.o [2]
MemManage_Handler             0xe0f         Code  Wk  vectortrap_M.o [6]
MenuNames               0x2000'0000   0x10  Data  Lc  main.o [1]
NMI_Handler                   0xe0f         Code  Wk  vectortrap_M.o [6]
PendSV_Handler                0xe0f         Code  Wk  vectortrap_M.o [6]
Region$$Table$$Base           0xe5c          --   Gb  - Linker created -
Region$$Table$$Limit          0xe70          --   Gb  - Linker created -
SVC_Handler                   0xe0f         Code  Wk  vectortrap_M.o [6]
SysTick_DelayMs               0xb29   0x22  Code  Gb  SysTick.o [3]
SysTick_Handler               0xe0f         Code  Wk  vectortrap_M.o [6]
SysTick_Init                  0xb0d   0x1c  Code  Gb  SysTick.o [3]
UART1_Init                    0xb59   0xaa  Code  Gb  UART.o [3]
UART1_ReceiveByte             0xc13   0x10  Code  Gb  UART.o [3]
UART1_SendByte                0xc03   0x10  Code  Gb  UART.o [3]
UsageFault_Handler            0xe0f         Code  Wk  vectortrap_M.o [6]
__cmain                       0xe71         Code  Gb  cmain.o [6]
__exit                        0xea5   0x14  Code  Gb  exit.o [7]
__iar_copy_init3              0xde5   0x2a  Code  Gb  copy_init3.o [6]
__iar_data_init3              0xe11   0x28  Code  Gb  data_init.o [6]
__iar_init_vfp                0xe39         Code  Gb  fpinit_M.o [5]
__iar_program_start           0xeb9         Code  Gb  cstartup_M.o [6]
__low_level_init              0xe8f    0x4  Code  Gb  low_level_init.o [4]
__vector_table                  0x0         Data  Gb  vector_table_M.o [6]
_call_main                    0xe7d         Code  Gb  cmain.o [6]
_exit                         0xe99         Code  Gb  cexit.o [6]
buzzer_delay                  0xa89   0x10  Code  Lc  Buzzer.o [2]
delay_small                   0x97d   0x10  Code  Lc  keypad.o [2]
exit                          0xe93    0x4  Code  Gb  exit.o [4]
g_timeout_seconds       0x2000'0010    0x1  Data  Lc  main.o [1]
keymap                        0xee8   0x10  Data  Lc  keypad.o [2]
lcd_delay                     0x845   0x10  Code  Lc  LCD.o [2]
lcd_send_byte                 0x895   0x24  Code  Lc  LCD.o [2]
lcd_send_cmd                  0x8b9    0xc  Code  Lc  LCD.o [2]
lcd_write_nibble              0x855   0x40  Code  Lc  LCD.o [2]
main                          0x815   0x30  Code  Gb  main.o [1]


[1] = C:\Users\moham\OneDrive\Desktop\Embedded Project\Embedded-Keysystem-v22\Embedded-Keysystem\HMI_ECU\Debug\Obj\APP
[2] = C:\Users\moham\OneDrive\Desktop\Embedded Project\Embedded-Keysystem-v22\Embedded-Keysystem\HMI_ECU\Debug\Obj\HAL
[3] = C:\Users\moham\OneDrive\Desktop\Embedded Project\Embedded-Keysystem-v22\Embedded-Keysystem\HMI_ECU\Debug\Obj\MCAL
[4] = dl7M_tln.a
[5] = m7M_tls.a
[6] = rt7M_tl.a
[7] = shb_l.a

  3'774 bytes of readonly  code memory
    510 bytes of readonly  data memory
  4'113 bytes of readwrite data memory

Errors: none
Warnings: none
