###############################################################################
#
# IAR ELF Linker V9.10.1.308/W64 for ARM                  04/Dec/2025  18:35:10
# Copyright 2007-2021 IAR Systems AB.
#
#    Output file  =
#        D:\Projects\University\Fall 25\Keysystem\HMI_ECU\Debug\Exe\HMI_ECU.out
#    Map file     =
#        D:\Projects\University\Fall
#        25\Keysystem\HMI_ECU\Debug\List\HMI_ECU.map
#    Command line =
#        -f "D:\Projects\University\Fall
#        25\Keysystem\HMI_ECU\Debug\Exe\HMI_ECU.out.rsp"
#        ("D:\Projects\University\Fall
#        25\Keysystem\HMI_ECU\Debug\Obj\MCAL\ADC.o"
#        "D:\Projects\University\Fall
#        25\Keysystem\HMI_ECU\Debug\Obj\HAL\Buzzer.o"
#        "D:\Projects\University\Fall
#        25\Keysystem\HMI_ECU\Debug\Obj\MCAL\GPIO.o"
#        "D:\Projects\University\Fall
#        25\Keysystem\HMI_ECU\Debug\Obj\MCAL\I2C.o"
#        "D:\Projects\University\Fall
#        25\Keysystem\HMI_ECU\Debug\Obj\HAL\keypad.o"
#        "D:\Projects\University\Fall 25\Keysystem\HMI_ECU\Debug\Obj\HAL\LCD.o"
#        "D:\Projects\University\Fall
#        25\Keysystem\HMI_ECU\Debug\Obj\APP\main.o"
#        "D:\Projects\University\Fall
#        25\Keysystem\HMI_ECU\Debug\Obj\MCAL\SysTick.o" --no_out_extension -o
#        "D:\Projects\University\Fall
#        25\Keysystem\HMI_ECU\Debug\Exe\HMI_ECU.out" --map
#        "D:\Projects\University\Fall
#        25\Keysystem\HMI_ECU\Debug\List\HMI_ECU.map" --config
#        D:\EWARM\arm\config\linker\TexasInstruments\TM4C123GE6.icf
#        --semihosting --entry __iar_program_start --vfe --text_out locale)
#
###############################################################################

*******************************************************************************
*** RUNTIME MODEL ATTRIBUTES
***

CppFlavor       = *
__SystemLibrary = DLib
__dlib_version  = 6


*******************************************************************************
*** HEAP SELECTION
***

The basic heap was selected because no calls to memory allocation
functions were found in the application outside of system library
functions, and there are calls to deallocation functions in the
application.


*******************************************************************************
*** PLACEMENT SUMMARY
***

"A0":  place at address 0x0 { ro section .intvec };
"P1":  place in [from 0x0 to 0x1'ffff] { ro };
define block CSTACK with size = 4K, alignment = 8 { };
define block HEAP with size = 8K, alignment = 8 { };
"P2":  place in [from 0x2000'0000 to 0x2000'7fff] {
          rw, block CSTACK, block HEAP };

  Section          Kind         Address    Size  Object
  -------          ----         -------    ----  ------
"A0":                                      0x40
  .intvec          ro code          0x0    0x40  vector_table_M.o [6]
                                 - 0x40    0x40

"P1":                                    0x204c
  .text            ro code         0x40   0xf16  xprintffull_nomb.o [4]
  .text            ro code        0xf56     0xa  xsprout.o [4]
  .text            ro code        0xf60    0x16  strchr.o [6]
  .text            ro code        0xf76     0x2  vectortrap_M.o [6]
  .text            ro code        0xf78    0x40  xfail_s.o [4]
  .text            ro code        0xfb8    0x36  strlen.o [6]
  .text            ro code        0xff0    0x58  memchr.o [6]
  .text            ro code       0x1048    0x76  ABImemcpy_unaligned.o [6]
  .text            ro code       0x10c0    0x70  frexp.o [5]
  .text            ro code       0x1130    0x34  DblCmpLe.o [5]
  .text            ro code       0x1164    0x34  DblCmpGe.o [5]
  .text            ro code       0x1198   0x13a  ldexp.o [5]
  .text            ro code       0x12d4    0x36  DblToS32.o [5]
  .text            ro code       0x130c    0x22  S32ToDbl.o [5]
  .text            ro code       0x1330   0x24e  DblAddSub.o [5]
  .text            ro code       0x1580   0x246  DblDiv.o [5]
  .text            ro code       0x17c8    0x22  DblToU32.o [5]
  .text            ro code       0x17ec    0x1c  U32ToDbl.o [5]
  .text            ro code       0x1808   0x1aa  DblMul.o [5]
  .text            ro code       0x19b4   0x230  I64DivMod.o [6]
  .text            ro code       0x1be4     0x6  abort.o [4]
  .text            ro code       0x1bec     0x2  I64DivZer.o [6]
  .text            ro code       0x1bf0    0x14  exit.o [7]
  .text            ro code       0x1c04   0x138  LCD.o [2]
  .text            ro code       0x1d3c    0xac  I2C.o [3]
  .text            ro code       0x1de8    0xdc  ADC.o [3]
  .text            ro code       0x1ec4    0x98  main.o [1]
  .text            ro code       0x1f5c    0x40  sprintf.o [4]
  .text            ro code       0x1f9c    0x38  zero_init3.o [6]
  .text            ro code       0x1fd4    0x28  data_init.o [6]
  .text            ro code       0x1ffc    0x22  fpinit_M.o [5]
  .iar.init_table  const         0x2020    0x10  - Linker created -
  .text            ro code       0x2030    0x1e  cmain.o [6]
  .text            ro code       0x204e     0x4  low_level_init.o [4]
  .text            ro code       0x2052     0x4  exit.o [4]
  .text            ro code       0x2058     0xa  cexit.o [6]
  .text            ro code       0x2064    0x1c  cstartup_M.o [6]
  .rodata          const         0x2080     0xc  main.o [1]
  .rodata          const         0x208c     0x0  zero_init3.o [6]
                               - 0x208c  0x204c

"P2", part 1 of 2:                          0x4
  .bss             zero     0x2000'0000     0x4  xfail_s.o [4]
                          - 0x2000'0004     0x4

"P2", part 2 of 2:                       0x1000
  CSTACK                    0x2000'0008  0x1000  <Block>
    CSTACK         uninit   0x2000'0008  0x1000  <Block tail>
                          - 0x2000'1008  0x1000

Unused ranges:

         From           To      Size
         ----           --      ----
       0x208c     0x1'ffff  0x1'df74
  0x2000'0004  0x2000'0007       0x4
  0x2000'1008  0x2000'7fff    0x6ff8


*******************************************************************************
*** INIT TABLE
***

          Address      Size
          -------      ----
Zero (__iar_zero_init3)
    1 destination range, total size 0x4:
          0x2000'0000   0x4



*******************************************************************************
*** MODULE SUMMARY
***

    Module                 ro code  ro data  rw data
    ------                 -------  -------  -------
command line/config:
    ------------------------------------------------
    Total:

D:\Projects\University\Fall 25\Keysystem\HMI_ECU\Debug\Obj\APP: [1]
    main.o                     152       12
    ------------------------------------------------
    Total:                     152       12

D:\Projects\University\Fall 25\Keysystem\HMI_ECU\Debug\Obj\HAL: [2]
    LCD.o                      312
    ------------------------------------------------
    Total:                     312

D:\Projects\University\Fall 25\Keysystem\HMI_ECU\Debug\Obj\MCAL: [3]
    ADC.o                      220
    I2C.o                      172
    ------------------------------------------------
    Total:                     392

dl7M_tln.a: [4]
    abort.o                      6
    exit.o                       4
    low_level_init.o             4
    sprintf.o                   64
    xfail_s.o                   64                 4
    xprintffull_nomb.o       3'862
    xsprout.o                   10
    ------------------------------------------------
    Total:                   4'014                 4

m7M_tls.a: [5]
    DblAddSub.o                590
    DblCmpGe.o                  52
    DblCmpLe.o                  52
    DblDiv.o                   582
    DblMul.o                   426
    DblToS32.o                  54
    DblToU32.o                  34
    S32ToDbl.o                  34
    U32ToDbl.o                  28
    fpinit_M.o                  34
    frexp.o                    112
    ldexp.o                    314
    ------------------------------------------------
    Total:                   2'312

rt7M_tl.a: [6]
    ABImemcpy_unaligned.o      118
    I64DivMod.o                560
    I64DivZer.o                  2
    cexit.o                     10
    cmain.o                     30
    cstartup_M.o                28
    data_init.o                 40
    memchr.o                    88
    strchr.o                    22
    strlen.o                    54
    vector_table_M.o            64
    vectortrap_M.o               2
    zero_init3.o                56
    ------------------------------------------------
    Total:                   1'074

shb_l.a: [7]
    exit.o                      20
    ------------------------------------------------
    Total:                      20

    Gaps                        26        2
    Linker created                       16    4'096
----------------------------------------------------
    Grand Total:             8'302       30    4'100


*******************************************************************************
*** ENTRY LIST
***

Entry                       Address   Size  Type      Object
-----                       -------   ----  ----      ------
.iar.init_table$$Base        0x2020          --   Gb  - Linker created -
.iar.init_table$$Limit       0x2030          --   Gb  - Linker created -
?main                        0x2031         Code  Gb  cmain.o [6]
ADC_Init                     0x1de9   0x86  Code  Gb  ADC.o [3]
ADC_Read                     0x1e6f   0x20  Code  Gb  ADC.o [3]
ADC_ReadAverage              0x1ed5   0x2a  Code  Gb  main.o [1]
BusFault_Handler              0xf77         Code  Wk  vectortrap_M.o [6]
CSTACK$$Base            0x2000'0008          --   Gb  - Linker created -
CSTACK$$Limit           0x2000'1008          --   Gb  - Linker created -
DebugMon_Handler              0xf77         Code  Wk  vectortrap_M.o [6]
HardFault_Handler             0xf77         Code  Wk  vectortrap_M.o [6]
I2C0_Init                    0x1d3d   0x62  Code  Gb  I2C.o [3]
I2C0_WriteByte               0x1d9f   0x1e  Code  Gb  I2C.o [3]
LCD_Clear                    0x1ca7   0x12  Code  Gb  LCD.o [2]
LCD_Init                     0x1cd7   0x66  Code  Gb  LCD.o [2]
LCD_SendChar                 0x1c85    0xc  Code  Gb  LCD.o [2]
LCD_SendString               0x1c91   0x16  Code  Gb  LCD.o [2]
LCD_SetCursor                0x1cb9   0x1e  Code  Gb  LCD.o [2]
MemManage_Handler             0xf77         Code  Wk  vectortrap_M.o [6]
NMI_Handler                   0xf77         Code  Wk  vectortrap_M.o [6]
PendSV_Handler                0xf77         Code  Wk  vectortrap_M.o [6]
Region$$Table$$Base          0x2020          --   Gb  - Linker created -
Region$$Table$$Limit         0x2030          --   Gb  - Linker created -
SVC_Handler                   0xf77         Code  Wk  vectortrap_M.o [6]
SysTick_Handler               0xf77         Code  Wk  vectortrap_M.o [6]
UsageFault_Handler            0xf77         Code  Wk  vectortrap_M.o [6]
_LitobFullNoMb                0xd5d  0x10c  Code  Lc  xprintffull_nomb.o [4]
_PrintfFullNoMb                0x41  0xcec  Code  Gb  xprintffull_nomb.o [4]
_PutcharFullNoMb              0xec1   0x20  Code  Lc  xprintffull_nomb.o [4]
_PutcharsFullNoMb             0xee1   0x2e  Code  Lc  xprintffull_nomb.o [4]
_SProut                       0xf57    0xa  Code  Gb  xsprout.o [4]
__aeabi_cdcmple              0x1131         Code  Gb  DblCmpLe.o [5]
__aeabi_cdrcmple             0x1165         Code  Gb  DblCmpGe.o [5]
__aeabi_d2iz                 0x12d5         Code  Gb  DblToS32.o [5]
__aeabi_d2uiz                0x17c9         Code  Gb  DblToU32.o [5]
__aeabi_ddiv                 0x1581         Code  Gb  DblDiv.o [5]
__aeabi_dmul                 0x1809         Code  Gb  DblMul.o [5]
__aeabi_dsub                 0x149d         Code  Gb  DblAddSub.o [5]
__aeabi_i2d                  0x130d         Code  Gb  S32ToDbl.o [5]
__aeabi_ldiv0                0x1bed         Code  Gb  I64DivZer.o [6]
__aeabi_ui2d                 0x17ed         Code  Gb  U32ToDbl.o [5]
__aeabi_uldivmod             0x19b5         Code  Gb  I64DivMod.o [6]
__cmain                      0x2031         Code  Gb  cmain.o [6]
__exit                       0x1bf1   0x14  Code  Gb  exit.o [7]
__iar_Fail_s                  0xf79   0x1c  Code  Gb  xfail_s.o [4]
__iar_Memchr                  0xff1         Code  Gb  memchr.o [6]
__iar_Strchr                  0xf61         Code  Gb  strchr.o [6]
__iar_data_init3             0x1fd5   0x28  Code  Gb  data_init.o [6]
__iar_frexp                  0x10cd         Code  Gb  frexp.o [5]
__iar_frexpl                 0x10cd         Code  Gb  frexp.o [5]
__iar_init_vfp               0x1ffd         Code  Gb  fpinit_M.o [5]
__iar_ldexp64                0x1199         Code  Gb  ldexp.o [5]
__iar_program_start          0x2065         Code  Gb  cstartup_M.o [6]
__iar_scalbln64              0x1199         Code  Gb  ldexp.o [5]
__iar_scalbn64               0x1199         Code  Gb  ldexp.o [5]
__iar_softfp___iar_frexp64
                             0x10c1         Code  Gb  frexp.o [5]
__iar_softfp_frexp           0x10c1         Code  Gb  frexp.o [5]
__iar_softfp_frexpl          0x10c1         Code  Gb  frexp.o [5]
__iar_unaligned_memcpy       0x1049         Code  Gb  ABImemcpy_unaligned.o [6]
__iar_unaligned_memcpy4
                             0x1069         Code  Gb  ABImemcpy_unaligned.o [6]
__iar_unaligned_memcpy8
                             0x1069         Code  Gb  ABImemcpy_unaligned.o [6]
__iar_zero_init3             0x1f9d   0x38  Code  Gb  zero_init3.o [6]
__low_level_init             0x204f    0x4  Code  Gb  low_level_init.o [4]
__vector_table                  0x0         Data  Gb  vector_table_M.o [6]
_call_main                   0x203d         Code  Gb  cmain.o [6]
_exit                        0x2059         Code  Gb  cexit.o [6]
abort                        0x1be5    0x6  Code  Gb  abort.o [4]
delay_small                  0x1ec5   0x10  Code  Lc  main.o [1]
exit                         0x2053    0x4  Code  Gb  exit.o [4]
lcd_delay                    0x1c05   0x10  Code  Lc  LCD.o [2]
lcd_send_byte                0x1c55   0x24  Code  Lc  LCD.o [2]
lcd_send_cmd                 0x1c79    0xc  Code  Lc  LCD.o [2]
lcd_write_nibble             0x1c15   0x40  Code  Lc  LCD.o [2]
ldexp                        0x1199         Code  Gb  ldexp.o [5]
ldexpl                       0x1199         Code  Gb  ldexp.o [5]
main                         0x1eff   0x50  Code  Gb  main.o [1]
memchr                        0xff1         Code  Gb  memchr.o [6]
scalbln                      0x1199         Code  Gb  ldexp.o [5]
scalblnl                     0x1199         Code  Gb  ldexp.o [5]
scalbn                       0x1199         Code  Gb  ldexp.o [5]
scalbnl                      0x1199         Code  Gb  ldexp.o [5]
scale                         0xe69   0x46  Code  Lc  xprintffull_nomb.o [4]
sec_hand                0x2000'0000    0x4  Data  Lc  xfail_s.o [4]
sprintf                      0x1f5d   0x40  Code  Gb  sprintf.o [4]
strchr                        0xf61         Code  Gb  strchr.o [6]
strlen                        0xfb9         Code  Gb  strlen.o [6]


[1] = D:\Projects\University\Fall 25\Keysystem\HMI_ECU\Debug\Obj\APP
[2] = D:\Projects\University\Fall 25\Keysystem\HMI_ECU\Debug\Obj\HAL
[3] = D:\Projects\University\Fall 25\Keysystem\HMI_ECU\Debug\Obj\MCAL
[4] = dl7M_tln.a
[5] = m7M_tls.a
[6] = rt7M_tl.a
[7] = shb_l.a

  8'302 bytes of readonly  code memory
     30 bytes of readonly  data memory
  4'100 bytes of readwrite data memory

Errors: none
Warnings: none
