###############################################################################
#
# IAR ELF Linker V9.10.1.308/W64 for ARM                  16/Dec/2025  21:45:57
# Copyright 2007-2021 IAR Systems AB.
#
#    Output file  =
#        C:\Users\moham\OneDrive\Desktop\Embedded
#        Project\Embedded-Keysystem-v22\Embedded-Keysystem\Control_ECU\Debug\Exe\Control_ECU.out
#    Map file     =
#        C:\Users\moham\OneDrive\Desktop\Embedded
#        Project\Embedded-Keysystem-v22\Embedded-Keysystem\Control_ECU\Debug\List\Control_ECU.map
#    Command line =
#        -f "C:\Users\moham\OneDrive\Desktop\Embedded
#        Project\Embedded-Keysystem-v22\Embedded-Keysystem\Control_ECU\Debug\Exe\Control_ECU.out.rsp"
#        ("C:\Users\moham\OneDrive\Desktop\Embedded
#        Project\Embedded-Keysystem-v22\Embedded-Keysystem\Control_ECU\Debug\Obj\MCAL\EEPROM.o"
#        "C:\Users\moham\OneDrive\Desktop\Embedded
#        Project\Embedded-Keysystem-v22\Embedded-Keysystem\Control_ECU\Debug\Obj\APP\main.o"
#        "C:\Users\moham\OneDrive\Desktop\Embedded
#        Project\Embedded-Keysystem-v22\Embedded-Keysystem\Control_ECU\Debug\Obj\HAL\Motor.o"
#        "C:\Users\moham\OneDrive\Desktop\Embedded
#        Project\Embedded-Keysystem-v22\Embedded-Keysystem\Control_ECU\Debug\Obj\HAL\RGB_LED.o"
#        "C:\Users\moham\OneDrive\Desktop\Embedded
#        Project\Embedded-Keysystem-v22\Embedded-Keysystem\Control_ECU\Debug\Obj\MCAL\UART.o"
#        --no_out_extension -o "C:\Users\moham\OneDrive\Desktop\Embedded
#        Project\Embedded-Keysystem-v22\Embedded-Keysystem\Control_ECU\Debug\Exe\Control_ECU.out"
#        --map "C:\Users\moham\OneDrive\Desktop\Embedded
#        Project\Embedded-Keysystem-v22\Embedded-Keysystem\Control_ECU\Debug\List\Control_ECU.map"
#        --config "C:\Program Files\IAR Systems\Embedded Workbench
#        9.0\arm\config\linker\TexasInstruments\TM4C123BH6.icf" --semihosting
#        --entry __iar_program_start --vfe --text_out locale)
#
###############################################################################

*******************************************************************************
*** RUNTIME MODEL ATTRIBUTES
***

CppFlavor       = *
__SystemLibrary = DLib
__dlib_version  = 6


*******************************************************************************
*** HEAP SELECTION
***

The basic heap was selected because no calls to memory allocation
functions were found in the application outside of system library
functions, and there are calls to deallocation functions in the
application.


*******************************************************************************
*** PLACEMENT SUMMARY
***

"A0":  place at address 0x0 { ro section .intvec };
"P1":  place in [from 0x0 to 0x3'ffff] { ro };
define block CSTACK with size = 4K, alignment = 8 { };
define block HEAP with size = 8K, alignment = 8 { };
"P2":  place in [from 0x2000'0000 to 0x2000'7fff] {
          rw, block CSTACK, block HEAP };
initialize by copy { rw };

  Section            Kind         Address    Size  Object
  -------            ----         -------    ----  ------
"A0":                                        0x40
  .intvec            ro code          0x0    0x40  vector_table_M.o [6]
                                   - 0x40    0x40

"P1":                                       0x7f0
  .text              ro code         0x40   0x408  main.o [1]
  .text              ro code        0x448   0x104  UART.o [3]
  .text              ro code        0x54c   0x138  EEPROM.o [3]
  .text              ro code        0x684    0xb0  Motor.o [2]
  .text              ro code        0x734    0x2a  copy_init3.o [6]
  .text              ro code        0x75e     0x2  vectortrap_M.o [6]
  .text              ro code        0x760    0x28  data_init.o [6]
  .text              ro code        0x788    0x22  fpinit_M.o [5]
  .iar.init_table    const          0x7ac    0x14  - Linker created -
  .text              ro code        0x7c0    0x1e  cmain.o [6]
  .text              ro code        0x7de     0x4  low_level_init.o [4]
  .text              ro code        0x7e2     0x4  exit.o [4]
  .text              ro code        0x7e8     0xa  cexit.o [6]
  .text              ro code        0x7f4    0x14  exit.o [7]
  .text              ro code        0x808    0x1c  cstartup_M.o [6]
  Initializer bytes  const          0x824     0xc  <for P2-1>
  .rodata            const          0x830     0x0  copy_init3.o [6]
                                  - 0x830   0x7f0

"P2", part 1 of 2:                            0xc
  P2-1                        0x2000'0000     0xa  <Init block>
    .data            inited   0x2000'0000     0x8  main.o [1]
    .data            inited   0x2000'0008     0x1  main.o [1]
    .bss             inited   0x2000'0009     0x1  main.o [1]
                            - 0x2000'000a     0xa

"P2", part 2 of 2:                         0x1000
  CSTACK                      0x2000'0010  0x1000  <Block>
    CSTACK           uninit   0x2000'0010  0x1000  <Block tail>
                            - 0x2000'1010  0x1000

Unused ranges:

         From           To      Size
         ----           --      ----
        0x830     0x3'ffff  0x3'f7d0
  0x2000'000c  0x2000'000f       0x4
  0x2000'1010  0x2000'7fff    0x6ff0


*******************************************************************************
*** INIT TABLE
***

          Address      Size
          -------      ----
Copy (__iar_copy_init3)
    1 source range, total size 0xc (120% of destination):
                0x824   0xc
    1 destination range, total size 0xa:
          0x2000'0000   0xa



*******************************************************************************
*** MODULE SUMMARY
***

    Module            ro code  ro data  rw data
    ------            -------  -------  -------
command line/config:
    -------------------------------------------
    Total:

C:\Users\moham\OneDrive\Desktop\Embedded Project\Embedded-Keysystem-v22\Embedded-Keysystem\Control_ECU\Debug\Obj\APP: [1]
    main.o              1'032       10       10
    -------------------------------------------
    Total:              1'032       10       10

C:\Users\moham\OneDrive\Desktop\Embedded Project\Embedded-Keysystem-v22\Embedded-Keysystem\Control_ECU\Debug\Obj\HAL: [2]
    Motor.o               176
    -------------------------------------------
    Total:                176

C:\Users\moham\OneDrive\Desktop\Embedded Project\Embedded-Keysystem-v22\Embedded-Keysystem\Control_ECU\Debug\Obj\MCAL: [3]
    EEPROM.o              312
    UART.o                260
    -------------------------------------------
    Total:                572

dl7M_tln.a: [4]
    exit.o                  4
    low_level_init.o        4
    -------------------------------------------
    Total:                  8

m7M_tls.a: [5]
    fpinit_M.o             34
    -------------------------------------------
    Total:                 34

rt7M_tl.a: [6]
    cexit.o                10
    cmain.o                30
    copy_init3.o           42
    cstartup_M.o           28
    data_init.o            40
    vector_table_M.o       64
    vectortrap_M.o          2
    -------------------------------------------
    Total:                216

shb_l.a: [7]
    exit.o                 20
    -------------------------------------------
    Total:                 20

    Gaps                    4        2
    Linker created                  22    4'096
-----------------------------------------------
    Grand Total:        2'062       34    4'106


*******************************************************************************
*** ENTRY LIST
***

Entry                       Address   Size  Type      Object
-----                       -------   ----  ----      ------
.iar.init_table$$Base         0x7ac          --   Gb  - Linker created -
.iar.init_table$$Limit        0x7c0          --   Gb  - Linker created -
?main                         0x7c1         Code  Gb  cmain.o [6]
BusFault_Handler              0x75f         Code  Wk  vectortrap_M.o [6]
CSTACK$$Base            0x2000'0010          --   Gb  - Linker created -
CSTACK$$Limit           0x2000'1010          --   Gb  - Linker created -
DebugMon_Handler              0x75f         Code  Wk  vectortrap_M.o [6]
EEPROM0_Init                  0x557   0x1c  Code  Gb  EEPROM.o [3]
EEPROM_Clear                  0x679    0xc  Code  Gb  EEPROM.o [3]
EEPROM_Load                   0x59f   0x72  Code  Gb  EEPROM.o [3]
EEPROM_Save                   0x611   0x4a  Code  Gb  EEPROM.o [3]
Handle_I                      0x161   0x18  Code  Lc  main.o [1]
Handle_N                      0x1dd   0x68  Code  Lc  main.o [1]
Handle_R                      0x2b9   0x48  Code  Lc  main.o [1]
Handle_T                      0x245   0x74  Code  Lc  main.o [1]
Handle_V                      0x179   0x64  Code  Lc  main.o [1]
HardFault_Handler             0x75f         Code  Wk  vectortrap_M.o [6]
MemManage_Handler             0x75f         Code  Wk  vectortrap_M.o [6]
Motor_Close                   0x6f9   0x26  Code  Gb  Motor.o [2]
Motor_Delay                   0x685   0x10  Code  Lc  Motor.o [2]
Motor_Init                    0x695   0x30  Code  Gb  Motor.o [2]
Motor_Open                    0x6d3   0x26  Code  Gb  Motor.o [2]
Motor_Stop                    0x6c5    0xe  Code  Gb  Motor.o [2]
NMI_Handler                   0x75f         Code  Wk  vectortrap_M.o [6]
Password_Equals               0x137   0x2a  Code  Lc  main.o [1]
PendSV_Handler                0x75f         Code  Wk  vectortrap_M.o [6]
RGB_Init                       0x51   0x48  Code  Lc  main.o [1]
RGB_Set                        0x99   0x9e  Code  Lc  main.o [1]
Region$$Table$$Base           0x7ac          --   Gb  - Linker created -
Region$$Table$$Limit          0x7c0          --   Gb  - Linker created -
SVC_Handler                   0x75f         Code  Wk  vectortrap_M.o [6]
SysTick_Handler               0x75f         Code  Wk  vectortrap_M.o [6]
UART1_Init                    0x449   0xaa  Code  Gb  UART.o [3]
UART1_ReceiveByte             0x503   0x10  Code  Gb  UART.o [3]
UART1_SendByte                0x4f3   0x10  Code  Gb  UART.o [3]
UsageFault_Handler            0x75f         Code  Wk  vectortrap_M.o [6]
__cmain                       0x7c1         Code  Gb  cmain.o [6]
__exit                        0x7f5   0x14  Code  Gb  exit.o [7]
__iar_copy_init3              0x735   0x2a  Code  Gb  copy_init3.o [6]
__iar_data_init3              0x761   0x28  Code  Gb  data_init.o [6]
__iar_init_vfp                0x789         Code  Gb  fpinit_M.o [5]
__iar_program_start           0x809         Code  Gb  cstartup_M.o [6]
__low_level_init              0x7df    0x4  Code  Gb  low_level_init.o [4]
__vector_table                  0x0         Data  Gb  vector_table_M.o [6]
_call_main                    0x7cd         Code  Gb  cmain.o [6]
_exit                         0x7e9         Code  Gb  cexit.o [6]
delay                          0x41   0x10  Code  Lc  main.o [1]
ee_read_word                  0x573   0x16  Code  Lc  EEPROM.o [3]
ee_write_word                 0x589   0x16  Code  Lc  EEPROM.o [3]
eeprom_wait_ready             0x54d    0xa  Code  Lc  EEPROM.o [3]
exit                          0x7e3    0x4  Code  Gb  exit.o [4]
g_initialized           0x2000'0009    0x1  Data  Lc  main.o [1]
g_password              0x2000'0000    0x8  Data  Lc  main.o [1]
g_timeout_seconds       0x2000'0008    0x1  Data  Lc  main.o [1]
main                          0x301  0x116  Code  Gb  main.o [1]


[1] = C:\Users\moham\OneDrive\Desktop\Embedded Project\Embedded-Keysystem-v22\Embedded-Keysystem\Control_ECU\Debug\Obj\APP
[2] = C:\Users\moham\OneDrive\Desktop\Embedded Project\Embedded-Keysystem-v22\Embedded-Keysystem\Control_ECU\Debug\Obj\HAL
[3] = C:\Users\moham\OneDrive\Desktop\Embedded Project\Embedded-Keysystem-v22\Embedded-Keysystem\Control_ECU\Debug\Obj\MCAL
[4] = dl7M_tln.a
[5] = m7M_tls.a
[6] = rt7M_tl.a
[7] = shb_l.a

  2'062 bytes of readonly  code memory
     34 bytes of readonly  data memory
  4'106 bytes of readwrite data memory

Errors: none
Warnings: none
