###############################################################################
#
# IAR ELF Linker V9.10.1.308/W64 for ARM                  18/Dec/2025  21:06:32
# Copyright 2007-2021 IAR Systems AB.
#
#    Output file  =
#        C:\Users\moham\OneDrive\Desktop\Embedded
#        Project\Embedded-Keysystem-v22\Embedded-Keysystem\Control_ECU\Debug\Exe\Control_ECU.out
#    Map file     =
#        C:\Users\moham\OneDrive\Desktop\Embedded
#        Project\Embedded-Keysystem-v22\Embedded-Keysystem\Control_ECU\Debug\List\Control_ECU.map
#    Command line =
#        -f "C:\Users\moham\OneDrive\Desktop\Embedded
#        Project\Embedded-Keysystem-v22\Embedded-Keysystem\Control_ECU\Debug\Exe\Control_ECU.out.rsp"
#        ("C:\Users\moham\OneDrive\Desktop\Embedded
#        Project\Embedded-Keysystem-v22\Embedded-Keysystem\Control_ECU\Debug\Obj\MCAL\Delay.o"
#        "C:\Users\moham\OneDrive\Desktop\Embedded
#        Project\Embedded-Keysystem-v22\Embedded-Keysystem\Control_ECU\Debug\Obj\MCAL\EEPROM.o"
#        "C:\Users\moham\OneDrive\Desktop\Embedded
#        Project\Embedded-Keysystem-v22\Embedded-Keysystem\Control_ECU\Debug\Obj\APP\main.o"
#        "C:\Users\moham\OneDrive\Desktop\Embedded
#        Project\Embedded-Keysystem-v22\Embedded-Keysystem\Control_ECU\Debug\Obj\HAL\Motor.o"
#        "C:\Users\moham\OneDrive\Desktop\Embedded
#        Project\Embedded-Keysystem-v22\Embedded-Keysystem\Control_ECU\Debug\Obj\HAL\RGB_LED.o"
#        "C:\Users\moham\OneDrive\Desktop\Embedded
#        Project\Embedded-Keysystem-v22\Embedded-Keysystem\Control_ECU\Debug\Obj\MCAL\UART.o"
#        --no_out_extension -o "C:\Users\moham\OneDrive\Desktop\Embedded
#        Project\Embedded-Keysystem-v22\Embedded-Keysystem\Control_ECU\Debug\Exe\Control_ECU.out"
#        --map "C:\Users\moham\OneDrive\Desktop\Embedded
#        Project\Embedded-Keysystem-v22\Embedded-Keysystem\Control_ECU\Debug\List\Control_ECU.map"
#        --config "C:\Program Files\IAR Systems\Embedded Workbench
#        9.0\arm\config\linker\TexasInstruments\TM4C123BH6.icf" --semihosting
#        --entry __iar_program_start --vfe --text_out locale)
#
###############################################################################

*******************************************************************************
*** RUNTIME MODEL ATTRIBUTES
***

CppFlavor       = *
__SystemLibrary = DLib
__dlib_version  = 6


*******************************************************************************
*** HEAP SELECTION
***

The basic heap was selected because no calls to memory allocation
functions were found in the application outside of system library
functions, and there are calls to deallocation functions in the
application.


*******************************************************************************
*** PLACEMENT SUMMARY
***

"A0":  place at address 0x0 { ro section .intvec };
"P1":  place in [from 0x0 to 0x3'ffff] { ro };
define block CSTACK with size = 4K, alignment = 8 { };
define block HEAP with size = 8K, alignment = 8 { };
"P2":  place in [from 0x2000'0000 to 0x2000'7fff] {
          rw, block CSTACK, block HEAP };
initialize by copy { rw };

  Section            Kind         Address    Size  Object
  -------            ----         -------    ----  ------
"A0":                                        0x40
  .intvec            ro code          0x0    0x40  vector_table_M.o [6]
                                   - 0x40    0x40

"P1":                                       0x92c
  .text              ro code         0x40   0x360  main.o [1]
  .text              ro code        0x3a0   0x120  UART.o [3]
  .text              ro code        0x4c0   0x104  RGB_LED.o [2]
  .text              ro code        0x5c4    0x50  Delay.o [3]
  .text              ro code        0x614   0x174  EEPROM.o [3]
  .text              ro code        0x788    0xe4  Motor.o [2]
  .text              ro code        0x86c    0x2a  copy_init3.o [6]
  .text              ro code        0x896     0x2  vectortrap_M.o [6]
  .text              ro code        0x898    0x28  data_init.o [6]
  .text              ro code        0x8c0    0x22  fpinit_M.o [5]
  .iar.init_table    const          0x8e4    0x14  - Linker created -
  .text              ro code        0x8f8    0x1e  cmain.o [6]
  .text              ro code        0x916     0x4  low_level_init.o [4]
  .text              ro code        0x91a     0x4  exit.o [4]
  .text              ro code        0x920     0xa  cexit.o [6]
  .text              ro code        0x92c    0x14  exit.o [7]
  .text              ro code        0x940    0x1c  cstartup_M.o [6]
  Initializer bytes  const          0x95c    0x10  <for P2-1>
  .rodata            const          0x96c     0x0  copy_init3.o [6]
                                  - 0x96c   0x92c

"P2", part 1 of 2:                           0x10
  P2-1                        0x2000'0000     0xe  <Init block>
    .data            inited   0x2000'0000     0x8  main.o [1]
    .bss             inited   0x2000'0008     0x4  Delay.o [3]
    .data            inited   0x2000'000c     0x1  main.o [1]
    .bss             inited   0x2000'000d     0x1  main.o [1]
                            - 0x2000'000e     0xe

"P2", part 2 of 2:                         0x1000
  CSTACK                      0x2000'0010  0x1000  <Block>
    CSTACK           uninit   0x2000'0010  0x1000  <Block tail>
                            - 0x2000'1010  0x1000

Unused ranges:

         From           To      Size
         ----           --      ----
        0x96c     0x3'ffff  0x3'f694
  0x2000'1010  0x2000'7fff    0x6ff0


*******************************************************************************
*** INIT TABLE
***

          Address      Size
          -------      ----
Copy (__iar_copy_init3)
    1 source range, total size 0x10 (114% of destination):
                0x95c  0x10
    1 destination range, total size 0xe:
          0x2000'0000   0xe



*******************************************************************************
*** MODULE SUMMARY
***

    Module            ro code  ro data  rw data
    ------            -------  -------  -------
command line/config:
    -------------------------------------------
    Total:

C:\Users\moham\OneDrive\Desktop\Embedded Project\Embedded-Keysystem-v22\Embedded-Keysystem\Control_ECU\Debug\Obj\APP: [1]
    main.o                864       10       10
    -------------------------------------------
    Total:                864       10       10

C:\Users\moham\OneDrive\Desktop\Embedded Project\Embedded-Keysystem-v22\Embedded-Keysystem\Control_ECU\Debug\Obj\HAL: [2]
    Motor.o               228
    RGB_LED.o             260
    -------------------------------------------
    Total:                488

C:\Users\moham\OneDrive\Desktop\Embedded Project\Embedded-Keysystem-v22\Embedded-Keysystem\Control_ECU\Debug\Obj\MCAL: [3]
    Delay.o                80        4        4
    EEPROM.o              372
    UART.o                288
    -------------------------------------------
    Total:                740        4        4

dl7M_tln.a: [4]
    exit.o                  4
    low_level_init.o        4
    -------------------------------------------
    Total:                  8

m7M_tls.a: [5]
    fpinit_M.o             34
    -------------------------------------------
    Total:                 34

rt7M_tl.a: [6]
    cexit.o                10
    cmain.o                30
    copy_init3.o           42
    cstartup_M.o           28
    data_init.o            40
    vector_table_M.o       64
    vectortrap_M.o          2
    -------------------------------------------
    Total:                216

shb_l.a: [7]
    exit.o                 20
    -------------------------------------------
    Total:                 20

    Gaps                    4        2
    Linker created                  22    4'096
-----------------------------------------------
    Grand Total:        2'374       38    4'110


*******************************************************************************
*** ENTRY LIST
***

Entry                       Address  Size  Type      Object
-----                       -------  ----  ----      ------
.iar.init_table$$Base         0x8e4         --   Gb  - Linker created -
.iar.init_table$$Limit        0x8f8         --   Gb  - Linker created -
?main                         0x8f9        Code  Gb  cmain.o [6]
BusFault_Handler              0x897        Code  Wk  vectortrap_M.o [6]
CSTACK$$Base            0x2000'0010         --   Gb  - Linker created -
CSTACK$$Limit           0x2000'1010         --   Gb  - Linker created -
ClampTimeout                  0x64b  0x18  Code  Lc  EEPROM.o [3]
ClampTimeout                   0x8b  0x18  Code  Lc  main.o [1]
DebugMon_Handler              0x897        Code  Wk  vectortrap_M.o [6]
Delay_Init_16MHz              0x5d1  0x22  Code  Gb  Delay.o [3]
Delay_ms                      0x5f3  0x10  Code  Gb  Delay.o [3]
EEPROM0_Init                  0x663  0x1c  Code  Gb  EEPROM.o [3]
EEPROM_Clear                  0x77d   0xc  Code  Gb  EEPROM.o [3]
EEPROM_Load                   0x67f  0x80  Code  Gb  EEPROM.o [3]
EEPROM_ReadWord               0x61f  0x16  Code  Lc  EEPROM.o [3]
EEPROM_Save                   0x6ff  0x62  Code  Gb  EEPROM.o [3]
EEPROM_WaitReady              0x615   0xa  Code  Lc  EEPROM.o [3]
EEPROM_WriteWord              0x635  0x16  Code  Lc  EEPROM.o [3]
Handle_G                      0x165   0xc  Code  Lc  main.o [1]
Handle_I                       0xa3  0x18  Code  Lc  main.o [1]
Handle_L                      0x293  0x14  Code  Lc  main.o [1]
Handle_N                      0x113  0x52  Code  Lc  main.o [1]
Handle_O                      0x27f  0x14  Code  Lc  main.o [1]
Handle_R                      0x237  0x48  Code  Lc  main.o [1]
Handle_S                      0x171  0xc6  Code  Lc  main.o [1]
Handle_Unknown                0x2a7  0x1c  Code  Lc  main.o [1]
Handle_V                       0xbb  0x58  Code  Lc  main.o [1]
HardFault_Handler             0x897        Code  Wk  vectortrap_M.o [6]
MemManage_Handler             0x897        Code  Wk  vectortrap_M.o [6]
Motor_Close                   0x81d  0x32  Code  Gb  Motor.o [2]
Motor_Init                    0x789  0x54  Code  Gb  Motor.o [2]
Motor_Open                    0x7eb  0x32  Code  Gb  Motor.o [2]
Motor_Stop                    0x7dd   0xe  Code  Gb  Motor.o [2]
NMI_Handler                   0x897        Code  Wk  vectortrap_M.o [6]
Password_Copy                  0x6b  0x20  Code  Lc  main.o [1]
Password_Equals                0x41  0x2a  Code  Lc  main.o [1]
PendSV_Handler                0x897        Code  Wk  vectortrap_M.o [6]
RGB_LED_Init                  0x4c1  0x5a  Code  Gb  RGB_LED.o [2]
RGB_LED_SetColor              0x51b  0x8c  Code  Gb  RGB_LED.o [2]
Region$$Table$$Base           0x8e4         --   Gb  - Linker created -
Region$$Table$$Limit          0x8f8         --   Gb  - Linker created -
SVC_Handler                   0x897        Code  Wk  vectortrap_M.o [6]
SysTick_Handler               0x5c5   0xc  Code  Gb  Delay.o [3]
UART1_Init                    0x3e3  0x8a  Code  Gb  UART.o [3]
UART1_ReceiveByte             0x47d  0x10  Code  Gb  UART.o [3]
UART1_SendByte                0x46d  0x10  Code  Gb  UART.o [3]
UART1_SetBaudRate             0x3a1  0x42  Code  Lc  UART.o [3]
UsageFault_Handler            0x897        Code  Wk  vectortrap_M.o [6]
__cmain                       0x8f9        Code  Gb  cmain.o [6]
__exit                        0x92d  0x14  Code  Gb  exit.o [7]
__iar_copy_init3              0x86d  0x2a  Code  Gb  copy_init3.o [6]
__iar_data_init3              0x899  0x28  Code  Gb  data_init.o [6]
__iar_init_vfp                0x8c1        Code  Gb  fpinit_M.o [5]
__iar_program_start           0x941        Code  Gb  cstartup_M.o [6]
__low_level_init              0x917   0x4  Code  Gb  low_level_init.o [4]
__vector_table                  0x0        Data  Gb  vector_table_M.o [6]
_call_main                    0x905        Code  Gb  cmain.o [6]
_exit                         0x921        Code  Gb  cexit.o [6]
exit                          0x91b   0x4  Code  Gb  exit.o [4]
g_initialized           0x2000'000d   0x1  Data  Lc  main.o [1]
g_msTicks               0x2000'0008   0x4  Data  Lc  Delay.o [3]
g_password              0x2000'0000   0x8  Data  Lc  main.o [1]
g_timeout_seconds       0x2000'000c   0x1  Data  Lc  main.o [1]
main                          0x2c3  0xd0  Code  Gb  main.o [1]


[1] = C:\Users\moham\OneDrive\Desktop\Embedded Project\Embedded-Keysystem-v22\Embedded-Keysystem\Control_ECU\Debug\Obj\APP
[2] = C:\Users\moham\OneDrive\Desktop\Embedded Project\Embedded-Keysystem-v22\Embedded-Keysystem\Control_ECU\Debug\Obj\HAL
[3] = C:\Users\moham\OneDrive\Desktop\Embedded Project\Embedded-Keysystem-v22\Embedded-Keysystem\Control_ECU\Debug\Obj\MCAL
[4] = dl7M_tln.a
[5] = m7M_tls.a
[6] = rt7M_tl.a
[7] = shb_l.a

  2'374 bytes of readonly  code memory
     38 bytes of readonly  data memory
  4'110 bytes of readwrite data memory

Errors: none
Warnings: none
